Archive member included to satisfy reference by file (symbol)

C:/nxp/MCUXpressoIDE_24.12.148/ide/plugins/com.nxp.mcuxpresso.tools.win32_24.12.0.202407110909/tools/bin/../lib/gcc/arm-none-eabi/13.2.1/../../../../arm-none-eabi/lib/thumb/v8-m.main+fp/hard\libcr_nohost_nf.a(_cr__main.o)
                              ./startup/startup_rw612.o (__main)
C:/nxp/MCUXpressoIDE_24.12.148/ide/plugins/com.nxp.mcuxpresso.tools.win32_24.12.0.202407110909/tools/bin/../lib/gcc/arm-none-eabi/13.2.1/../../../../arm-none-eabi/lib/thumb/v8-m.main+fp/hard\libcr_c.a(memset.o)
                              ./freertos/freertos-kernel/portable/MemMang/heap_4.o (memset)
C:/nxp/MCUXpressoIDE_24.12.148/ide/plugins/com.nxp.mcuxpresso.tools.win32_24.12.0.202407110909/tools/bin/../lib/gcc/arm-none-eabi/13.2.1/../../../../arm-none-eabi/lib/thumb/v8-m.main+fp/hard\libcr_c.a(alloc.o)
                              ./drivers/fsl_common.o (malloc)
C:/nxp/MCUXpressoIDE_24.12.148/ide/plugins/com.nxp.mcuxpresso.tools.win32_24.12.0.202407110909/tools/bin/../lib/gcc/arm-none-eabi/13.2.1/../../../../arm-none-eabi/lib/thumb/v8-m.main+fp/hard\libcr_c.a(errno.o)
                              ./utilities/str/fsl_str.o (errno)
C:/nxp/MCUXpressoIDE_24.12.148/ide/plugins/com.nxp.mcuxpresso.tools.win32_24.12.0.202407110909/tools/bin/../lib/gcc/arm-none-eabi/13.2.1/../../../../arm-none-eabi/lib/thumb/v8-m.main+fp/hard\libcr_c.a(initio.o)
                              C:/nxp/MCUXpressoIDE_24.12.148/ide/plugins/com.nxp.mcuxpresso.tools.win32_24.12.0.202407110909/tools/bin/../lib/gcc/arm-none-eabi/13.2.1/../../../../arm-none-eabi/lib/thumb/v8-m.main+fp/hard\libcr_nohost_nf.a(_cr__main.o) (_initio)
C:/nxp/MCUXpressoIDE_24.12.148/ide/plugins/com.nxp.mcuxpresso.tools.win32_24.12.0.202407110909/tools/bin/../lib/gcc/arm-none-eabi/13.2.1/../../../../arm-none-eabi/lib/thumb/v8-m.main+fp/hard\libcr_c.a(scanf.o)
                              ./utilities/str/fsl_str.o (strtoul)
C:/nxp/MCUXpressoIDE_24.12.148/ide/plugins/com.nxp.mcuxpresso.tools.win32_24.12.0.202407110909/tools/bin/../lib/gcc/arm-none-eabi/13.2.1/../../../../arm-none-eabi/lib/thumb/v8-m.main+fp/hard\libcr_c.a(setvbuf.o)
                              C:/nxp/MCUXpressoIDE_24.12.148/ide/plugins/com.nxp.mcuxpresso.tools.win32_24.12.0.202407110909/tools/bin/../lib/gcc/arm-none-eabi/13.2.1/../../../../arm-none-eabi/lib/thumb/v8-m.main+fp/hard\libcr_c.a(initio.o) (setvbuf)
C:/nxp/MCUXpressoIDE_24.12.148/ide/plugins/com.nxp.mcuxpresso.tools.win32_24.12.0.202407110909/tools/bin/../lib/gcc/arm-none-eabi/13.2.1/../../../../arm-none-eabi/lib/thumb/v8-m.main+fp/hard\libcr_c.a(strlen.o)
                              ./utilities/str/fsl_str.o (strlen)
C:/nxp/MCUXpressoIDE_24.12.148/ide/plugins/com.nxp.mcuxpresso.tools.win32_24.12.0.202407110909/tools/bin/../lib/gcc/arm-none-eabi/13.2.1/../../../../arm-none-eabi/lib/thumb/v8-m.main+fp/hard\libcr_c.a(ungetc.o)
                              C:/nxp/MCUXpressoIDE_24.12.148/ide/plugins/com.nxp.mcuxpresso.tools.win32_24.12.0.202407110909/tools/bin/../lib/gcc/arm-none-eabi/13.2.1/../../../../arm-none-eabi/lib/thumb/v8-m.main+fp/hard\libcr_c.a(scanf.o) (ungetc)
C:/nxp/MCUXpressoIDE_24.12.148/ide/plugins/com.nxp.mcuxpresso.tools.win32_24.12.0.202407110909/tools/bin/../lib/gcc/arm-none-eabi/13.2.1/../../../../arm-none-eabi/lib/thumb/v8-m.main+fp/hard\libcr_c.a(__fillbuf.o)
                              C:/nxp/MCUXpressoIDE_24.12.148/ide/plugins/com.nxp.mcuxpresso.tools.win32_24.12.0.202407110909/tools/bin/../lib/gcc/arm-none-eabi/13.2.1/../../../../arm-none-eabi/lib/thumb/v8-m.main+fp/hard\libcr_c.a(scanf.o) (__filbuf)
C:/nxp/MCUXpressoIDE_24.12.148/ide/plugins/com.nxp.mcuxpresso.tools.win32_24.12.0.202407110909/tools/bin/../lib/gcc/arm-none-eabi/13.2.1/../../../../arm-none-eabi/lib/thumb/v8-m.main+fp/hard\libcr_c.a(__init_alloc.o)
                              C:/nxp/MCUXpressoIDE_24.12.148/ide/plugins/com.nxp.mcuxpresso.tools.win32_24.12.0.202407110909/tools/bin/../lib/gcc/arm-none-eabi/13.2.1/../../../../arm-none-eabi/lib/thumb/v8-m.main+fp/hard\libcr_c.a(alloc.o) (__heaps)
C:/nxp/MCUXpressoIDE_24.12.148/ide/plugins/com.nxp.mcuxpresso.tools.win32_24.12.0.202407110909/tools/bin/../lib/gcc/arm-none-eabi/13.2.1/../../../../arm-none-eabi/lib/thumb/v8-m.main+fp/hard\libcr_c.a(_cr_sbrk.o)
                              C:/nxp/MCUXpressoIDE_24.12.148/ide/plugins/com.nxp.mcuxpresso.tools.win32_24.12.0.202407110909/tools/bin/../lib/gcc/arm-none-eabi/13.2.1/../../../../arm-none-eabi/lib/thumb/v8-m.main+fp/hard\libcr_c.a(alloc.o) (_sbrk)
C:/nxp/MCUXpressoIDE_24.12.148/ide/plugins/com.nxp.mcuxpresso.tools.win32_24.12.0.202407110909/tools/bin/../lib/gcc/arm-none-eabi/13.2.1/../../../../arm-none-eabi/lib/thumb/v8-m.main+fp/hard\libcr_c.a(_deferredlazyseek.o)
[...]
Memory Configuration

Name             Origin             Length             Attributes
QSPI_FLASH       0x08000000         0x00800000         xr
SRAM             0x20000000         0x00130000         xrw
*default*        0x00000000         0xffffffff

Linker script and memory map

LOAD ./utilities/str/fsl_str.o
LOAD ./utilities/debug_console_lite/fsl_debug_console.o
LOAD ./utilities/fsl_assert.o
LOAD ./utilities/fsl_memcpy.o
LOAD ./startup/startup_rw612.o
LOAD ./source/freertos_queue.o
LOAD ./source/semihost_hardfault.o
LOAD ./freertos/freertos-kernel/portable/MemMang/heap_4.o
LOAD ./freertos/freertos-kernel/portable/GCC/ARM_CM33_NTZ/non_secure/mpu_wrappers_v2_asm.o
LOAD ./freertos/freertos-kernel/portable/GCC/ARM_CM33_NTZ/non_secure/port.o
LOAD ./freertos/freertos-kernel/portable/GCC/ARM_CM33_NTZ/non_secure/portasm.o
LOAD ./freertos/freertos-kernel/croutine.o
LOAD ./freertos/freertos-kernel/event_groups.o
LOAD ./freertos/freertos-kernel/list.o
LOAD ./freertos/freertos-kernel/queue.o
LOAD ./freertos/freertos-kernel/stream_buffer.o
LOAD ./freertos/freertos-kernel/tasks.o
LOAD ./freertos/freertos-kernel/timers.o
LOAD ./flash_config/flash_config.o
LOAD ./drivers/fsl_cache.o
LOAD ./drivers/fsl_clock.o
LOAD ./drivers/fsl_common.o
LOAD ./drivers/fsl_common_arm.o
LOAD ./drivers/fsl_flexcomm.o
LOAD ./drivers/fsl_flexspi.o
LOAD ./drivers/fsl_gpio.o
LOAD ./drivers/fsl_i2s_bridge.o
LOAD ./drivers/fsl_iped.o
LOAD ./drivers/fsl_ocotp.o
LOAD ./drivers/fsl_power.o
LOAD ./drivers/fsl_reset.o
LOAD ./drivers/fsl_usart.o
LOAD ./device/system_RW612.o
LOAD ./component/uart/fsl_adapter_usart.o
LOAD ./component/els_pkc/src/comps/mcuxCsslParamIntegrity/src/mcuxCsslParamIntegrity32.o
LOAD ./component/els_pkc/src/comps/mcuxCsslMemory/src/mcuxCsslMemory_Clear.o
LOAD ./component/els_pkc/src/comps/mcuxCsslMemory/src/mcuxCsslMemory_Compare.o
LOAD ./component/els_pkc/src/comps/mcuxCsslMemory/src/mcuxCsslMemory_Copy.o
LOAD ./component/els_pkc/src/comps/mcuxCsslMemory/src/mcuxCsslMemory_Set.o
LOAD ./component/els_pkc/src/comps/mcuxClMemory/src/mcuxClMemory.o
LOAD ./component/els_pkc/src/comps/mcuxClEls/src/mcuxClEls_Common.o
LOAD ./component/els_pkc/src/comps/mcuxClEls/src/mcuxClEls_GlitchDetector.o
LOAD ./component/els_pkc/src/comps/mcuxClBuffer/src/mcuxClBuffer.o
LOAD ./board/board.o
LOAD ./board/clock_config.o
LOAD ./board/hardware_init.o
LOAD ./board/pin_mux.o
START GROUP
LOAD C:/nxp/MCUXpressoIDE_24.12.148/ide/plugins/com.nxp.mcuxpresso.tools.win32_24.12.0.202407110909/tools/bin/../lib/gcc/arm-none-eabi/13.2.1/../../../../arm-none-eabi/lib/thumb/v8-m.main+fp/hard\libcr_nohost_nf.a
LOAD C:/nxp/MCUXpressoIDE_24.12.148/ide/plugins/com.nxp.mcuxpresso.tools.win32_24.12.0.202407110909/tools/bin/../lib/gcc/arm-none-eabi/13.2.1/../../../../arm-none-eabi/lib/thumb/v8-m.main+fp/hard\libcr_c.a
LOAD C:/nxp/MCUXpressoIDE_24.12.148/ide/plugins/com.nxp.mcuxpresso.tools.win32_24.12.0.202407110909/tools/bin/../lib/gcc/arm-none-eabi/13.2.1/thumb/v8-m.main+fp/hard\libcr_eabihelpers.a
LOAD C:/nxp/MCUXpressoIDE_24.12.148/ide/plugins/com.nxp.mcuxpresso.tools.win32_24.12.0.202407110909/tools/bin/../lib/gcc/arm-none-eabi/13.2.1/thumb/v8-m.main+fp/hard\libgcc.a
END GROUP
                0x08000000                        __base_QSPI_FLASH = 0x8000000
                0x08000000                        __base_Flash = 0x8000000
                0x08800000                        __top_QSPI_FLASH = 0x8800000
                0x08800000                        __top_Flash = 0x8800000
                0x20000000                        __base_SRAM = 0x20000000
                0x20000000                        __base_RAM = 0x20000000
                0x20130000                        __top_SRAM = 0x20130000
                0x20130000                        __top_RAM = 0x20130000

.boot_hdr       0x08000000     0x1000
 FILL mask 0xff
                0x00000400                        . = 0x400
 *fill*         0x08000000      0x400 ff
                0x08000400                        __FLASH_BASE = .
 *(SORT_BY_ALIGNMENT(.flash_conf))
 .flash_conf    0x08000400      0xc00 ./flash_config/flash_config.o
                0x08000400                flexspi_config
                0x00001000                        . = 0x1000

.text           0x08001000     0x82b0
 FILL mask 0xff
                0x08001000                        __vectors_start__ = ABSOLUTE (.)
 *(SORT_BY_ALIGNMENT(.isr_vector))
 .isr_vector    0x08001000      0x244 ./startup/startup_rw612.o
                0x08001000                g_pfnVectors
                0x08001000                __Vectors
                0x08001244                        . = ALIGN (0x4)
                0x08001244                        __section_table_start = .
                0x08001244                        __data_section_table = .
                0x08001244        0x4 LONG 0x80092b0 LOADADDR (.data)
                0x08001248        0x4 LONG 0x20000000 ADDR (.data)
                0x0800124c        0x4 LONG 0xbc0 SIZEOF (.data)
                0x08001250                        __data_section_table_end = .
                0x08001250                        __bss_section_table = .
                0x08001250        0x4 LONG 0x20000bc0 ADDR (.bss)
                0x08001254        0x4 LONG 0x2c04 SIZEOF (.bss)
                0x08001258                        __bss_section_table_end = .
                0x08001258                        __section_table_end = .
 *(SORT_BY_ALIGNMENT(.after_vectors*))
 .after_vectors.reset
                0x08001258       0x68 ./startup/startup_rw612.o
                0x08001258                ResetISR
 .after_vectors.init_data
                0x080012c0       0x1e ./startup/startup_rw612.o
                0x080012c0                data_init
 .after_vectors.init_bss
                0x080012de       0x12 ./startup/startup_rw612.o
                0x080012de                bss_init
 .after_vectors
                0x080012f0       0x16 ./startup/startup_rw612.o
                0x080012f0                NMI_Handler
                0x080012f4                MemManage_Handler
                0x080012f6                BusFault_Handler
                0x080012f8                UsageFault_Handler
                0x080012fa                SecureFault_Handler
                0x080012fe                DebugMon_Handler
                0x08001304                W2MWKUP_DONE4_DriverIRQHandler
                0x08001304                Reserved75_DriverIRQHandler
                0x08001304                B2MWKUP_DONE2_DriverIRQHandler
                0x08001304                B2MWKUP0_DriverIRQHandler
                0x08001304                DMA0_DriverIRQHandler
                0x08001304                GAU_ACOMP_WKUP_DriverIRQHandler
                0x08001304                SGPIO_INTA_DriverIRQHandler
                0x08001304                PIN1_INT_DriverIRQHandler
                0x08001304                BLE_MCI_INT7_DriverIRQHandler
                0x08001304                BLE_MCI_INT3_DriverIRQHandler
                0x08001304                BLE_MCI_INT5_DriverIRQHandler
                0x08001304                B2MWKUP_DONE0_DriverIRQHandler
                0x08001304                HWVAD_DriverIRQHandler
                0x08001304                USIM_DriverIRQHandler
                0x08001304                WKDEEPSLEEP_DriverIRQHandler
                0x08001304                B2MWKUP_DONE3_DriverIRQHandler
                0x08001304                Reserved73_DriverIRQHandler
                0x08001304                WL_MCI_INT5_DriverIRQHandler
                0x08001304                ENET_TIMER_DriverIRQHandler
                0x08001304                PIN_INT3_DriverIRQHandler
                0x08001304                PIN_INT2_DriverIRQHandler
                0x08001304                ELS_DriverIRQHandler
                0x08001304                OTP_DriverIRQHandler
                0x08001304                GPIO_INTB_DriverIRQHandler
                0x08001304                TRNG_DriverIRQHandler
                0x08001304                ACC_C_INT_DriverIRQHandler
                0x08001304                PIN_INT0_DriverIRQHandler
                0x08001304                GFMRT_DriverIRQHandler
                0x08001304                Reserved76_DriverIRQHandler
                0x08001304                CTIMER2_DriverIRQHandler
                0x08001304                Reserved69_DriverIRQHandler
                0x08001304                WL_MCI_INT3_DriverIRQHandler
                0x08001304                SECUREVIOLATION_DriverIRQHandler
                0x08001304                BACC_DriverIRQHandler
                0x08001304                Reserved34_DriverIRQHandler
                0x08001304                IntDefaultHandler
                0x08001304                Reserved138_DriverIRQHandler
                0x08001304                Reserved136_DriverIRQHandler
                0x08001304                Reserved67_DriverIRQHandler
                0x08001304                W2MWKUP_DONE7_DriverIRQHandler
                0x08001304                W2MWKUP1_DriverIRQHandler
                0x08001304                W2MWKUP_DONE1_DriverIRQHandler
                0x08001304                WL_MCI_INT1_DriverIRQHandler
                0x08001304                B2MWKUP_DONE7_DriverIRQHandler
                0x08001304                PIN_INT4_DriverIRQHandler
                0x08001304                PIN_INT5_DriverIRQHandler
                0x08001304                PIN0_INT_DriverIRQHandler
                0x08001304                ENET_DriverIRQHandler
                0x08001304                Reserved47_DriverIRQHandler
                0x08001304                GAU_ADC0_DriverIRQHandler
                0x08001304                CTIMER4_DriverIRQHandler
                0x08001304                WL_MCI_INT0_DriverIRQHandler
                0x08001304                PIN_INT7_DriverIRQHandler
                0x08001304                GDMA_DriverIRQHandler
                0x08001304                BLE_MCI_INT1_DriverIRQHandler
                0x08001304                OS_EVENT_TIMER_DriverIRQHandler
                0x08001304                Reserved38_DriverIRQHandler
                0x08001304                POWERQUAD_DriverIRQHandler
                0x08001304                ELS_GDET_DriverIRQHandler
                0x08001304                Reserved35_DriverIRQHandler
                0x08001304                CTIMER0_DriverIRQHandler
                0x08001304                Reserved79_DriverIRQHandler
                0x08001304                MRT_DriverIRQHandler
                0x08001304                BLE_MCI_INT6_DriverIRQHandler
                0x08001304                CTIMER1_DriverIRQHandler
                0x08001304                PKC_ERR_DriverIRQHandler
                0x08001304                PIN_INT6_DriverIRQHandler
                0x08001304                W2MWKUP_DONE6_DriverIRQHandler
                0x08001304                SGPIO_INTB_DriverIRQHandler
                0x08001304                ACC_S_INT_DriverIRQHandler
                0x08001304                PMIP_CHANGE_DriverIRQHandler
                0x08001304                PIN_INT1_DriverIRQHandler
                0x08001304                W2MWKUP0_DriverIRQHandler
                0x08001304                CTIMER3_DriverIRQHandler
                0x08001304                W2MWKUP_DONE0_DriverIRQHandler
                0x08001304                Reserved74_DriverIRQHandler
                0x08001304                PKC_INT_DriverIRQHandler
                0x08001304                GPIO_INTA_DriverIRQHandler
                0x08001304                Reserved61_DriverIRQHandler
                0x08001304                WL_MCI_INT2_DriverIRQHandler
                0x08001304                PUF_DriverIRQHandler
                0x08001304                GAU_ACOMP_DriverIRQHandler
                0x08001304                Reserved40_DriverIRQHandler
                0x08001304                RTC_DriverIRQHandler
                0x08001304                WACC_DriverIRQHandler
                0x08001304                Reserved65_DriverIRQHandler
                0x08001304                LCD_DriverIRQHandler
                0x08001304                B2MWKUP1_DriverIRQHandler
                0x08001304                PMIP_DriverIRQHandler
                0x08001304                BLE_MCI_INT4_DriverIRQHandler
                0x08001304                BLE_MCI_INT2_DriverIRQHandler
                0x08001304                GAU_DAC_DriverIRQHandler
                0x08001304                Reserved60_DriverIRQHandler
                0x08001304                WL_MCI_INT4_DriverIRQHandler
                0x08001304                Reserved49_DriverIRQHandler
                0x08001304                DMIC_DriverIRQHandler
                0x08001304                DMA1_DriverIRQHandler
                0x08001304                Reserved137_DriverIRQHandler
                0x08001304                B2MWKUP_DONE4_DriverIRQHandler
                0x08001304                B2MWKUP_DONE1_DriverIRQHandler
                0x08001304                GAU_ADC1_DriverIRQHandler
                0x08001304                BLE_MCI_INT0_DriverIRQHandler
                0x08001304                ELS_GDET_UM_DriverIRQHandler
                0x08001304                WL_MCI_INT7_DriverIRQHandler
                0x08001304                UTICK_DriverIRQHandler
                0x08001304                W2MWKUP_DONE2_DriverIRQHandler
                0x08001304                B2MWKUP_DONE6_DriverIRQHandler
                0x08001304                WDT0_DriverIRQHandler
                0x08001304                Reserved68_DriverIRQHandler
                0x08001304                Reserved59_DriverIRQHandler
                0x08001304                SDIO_DriverIRQHandler
                0x08001304                WL_MCI_INT6_DriverIRQHandler
                0x08001304                W2MWKUP_DONE3_DriverIRQHandler
                0x08001304                B2MWKUP_DONE5_DriverIRQHandler
                0x08001304                CDOG_INT_DriverIRQHandler
                0x08001304                Reserved46_DriverIRQHandler
                0x08001304                Reserved37_DriverIRQHandler
                0x08001304                SCT0_DriverIRQHandler
                0x08001304                HYPERVISOR_DriverIRQHandler
                0x08001304                ITRC_DriverIRQHandler
                0x08001304                Reserved50_DriverIRQHandler
                0x08001304                W2MWKUP_DONE5_DriverIRQHandler
                0x08001304                USB_DriverIRQHandler
 *(SORT_BY_ALIGNMENT(.text*))
 *fill*         0x08001306        0x2 ff
 .text.DbgConsole_Init
                0x08001308       0x88 ./utilities/debug_console_lite/fsl_debug_console.o
                0x08001308                DbgConsole_Init
 .text.DbgConsole_Vprintf
                0x08001390       0x3c ./utilities/debug_console_lite/fsl_debug_console.o
                0x08001390                DbgConsole_Vprintf
 .text.DbgConsole_Putchar
                0x080013cc       0x30 ./utilities/debug_console_lite/fsl_debug_console.o
                0x080013cc                DbgConsole_Putchar
 .text.DbgConsole_PrintfFormattedData
                0x080013fc      0x3e0 ./utilities/debug_console_lite/fsl_debug_console.o
 .text.__assertion_failed
                0x080017dc       0x2c ./utilities/fsl_assert.o
                0x080017dc                __assertion_failed
 .text          0x08001808       0xa0 ./utilities/fsl_memcpy.o
                0x08001808                memcpy
 .text.main     0x080018a8       0x74 ./source/freertos_queue.o
                0x080018a8                main
 .text.write_task_1
                0x0800191c       0x1c ./source/freertos_queue.o
 .text.write_task_2
                0x08001938       0x1c ./source/freertos_queue.o
 .text.log_init
                0x08001954       0x70 ./source/freertos_queue.o
                0x08001954                log_init
 .text.log_task
                0x080019c4       0x4c ./source/freertos_queue.o
 .text.pvPortMalloc
                0x08001a10      0x1f8 ./freertos/freertos-kernel/portable/MemMang/heap_4.o
                0x08001a10                pvPortMalloc
 .text.vPortFree
                0x08001c08       0xb8 ./freertos/freertos-kernel/portable/MemMang/heap_4.o
                0x08001c08                vPortFree
 .text.prvHeapInit
                0x08001cc0       0xb4 ./freertos/freertos-kernel/portable/MemMang/heap_4.o
 .text.prvInsertBlockIntoFreeList
                0x08001d74       0xe0 ./freertos/freertos-kernel/portable/MemMang/heap_4.o
 .text.vPortSetupTimerInterrupt
                0x08001e54       0x48 ./freertos/freertos-kernel/portable/GCC/ARM_CM33_NTZ/non_secure/port.o
                0x08001e54                vPortSetupTimerInterrupt
 .text.prvTaskExitError
                0x08001e9c       0x34 ./freertos/freertos-kernel/portable/GCC/ARM_CM33_NTZ/non_secure/port.o
 .text.vPortYield
                0x08001ed0       0x24 ./freertos/freertos-kernel/portable/GCC/ARM_CM33_NTZ/non_secure/port.o
                0x08001ed0                vPortYield
 .text.vPortEnterCritical
                0x08001ef4       0x24 ./freertos/freertos-kernel/portable/GCC/ARM_CM33_NTZ/non_secure/port.o
                0x08001ef4                vPortEnterCritical
 .text.vPortExitCritical
                0x08001f18       0x34 ./freertos/freertos-kernel/portable/GCC/ARM_CM33_NTZ/non_secure/port.o
                0x08001f18                vPortExitCritical
 .text.SysTick_Handler
                0x08001f4c       0x30 ./freertos/freertos-kernel/portable/GCC/ARM_CM33_NTZ/non_secure/port.o
                0x08001f4c                SysTick_Handler
 .text.pxPortInitialiseStack
                0x08001f7c      0x114 ./freertos/freertos-kernel/portable/GCC/ARM_CM33_NTZ/non_secure/port.o
                0x08001f7c                pxPortInitialiseStack
 .text.xPortStartScheduler
                0x08002090      0x120 ./freertos/freertos-kernel/portable/GCC/ARM_CM33_NTZ/non_secure/port.o
                0x08002090                xPortStartScheduler
 .text.vRestoreContextOfFirstTask
                0x080021b0       0x2c ./freertos/freertos-kernel/portable/GCC/ARM_CM33_NTZ/non_secure/portasm.o
                0x080021b0                vRestoreContextOfFirstTask
 .text.vStartFirstTask
                0x080021dc       0x20 ./freertos/freertos-kernel/portable/GCC/ARM_CM33_NTZ/non_secure/portasm.o
                0x080021dc                vStartFirstTask
 .text.PendSV_Handler
                0x080021fc       0x4c ./freertos/freertos-kernel/portable/GCC/ARM_CM33_NTZ/non_secure/portasm.o
                0x080021fc                PendSV_Handler
 .text.SVC_Handler
                0x08002248       0x18 ./freertos/freertos-kernel/portable/GCC/ARM_CM33_NTZ/non_secure/portasm.o
                0x08002248                SVC_Handler
 .text.vQueueAddToRegistry
                0x08002260       0x88 ./freertos/freertos-kernel/queue.o
                0x08002260                vQueueAddToRegistry
 .text.prvAddNewTaskToReadyList
                0x080022e8      0x120 ./freertos/freertos-kernel/tasks.o
 .text.vTaskDelay
                0x08002408       0x48 ./freertos/freertos-kernel/tasks.o
                0x08002408                vTaskDelay
 .text.prvCreateIdleTasks
                0x08002450       0x94 ./freertos/freertos-kernel/tasks.o
 .text.vTaskStartScheduler
                0x080024e4       0x68 ./freertos/freertos-kernel/tasks.o
                0x080024e4                vTaskStartScheduler
 .text.vTaskSuspendAll
                0x0800254c       0x1c ./freertos/freertos-kernel/tasks.o
                0x0800254c                vTaskSuspendAll
 .text.xTaskResumeAll
                0x08002568      0x1f0 ./freertos/freertos-kernel/tasks.o
                0x08002568                xTaskResumeAll
 .text.xTaskGetTickCount
                0x08002758       0x20 ./freertos/freertos-kernel/tasks.o
                0x08002758                xTaskGetTickCount
 .text.xTaskIncrementTick
                0x08002778      0x204 ./freertos/freertos-kernel/tasks.o
                0x08002778                xTaskIncrementTick
 .text.vTaskSwitchContext
                0x0800297c       0xa4 ./freertos/freertos-kernel/tasks.o
                0x0800297c                vTaskSwitchContext
 .text.vTaskPlaceOnEventList
                0x08002a20       0x38 ./freertos/freertos-kernel/tasks.o
                0x08002a20                vTaskPlaceOnEventList
 .text.vTaskPlaceOnEventListRestricted
                0x08002a58       0x7c ./freertos/freertos-kernel/tasks.o
                0x08002a58                vTaskPlaceOnEventListRestricted
 .text.xTaskRemoveFromEventList
                0x08002ad4      0x19c ./freertos/freertos-kernel/tasks.o
                0x08002ad4                xTaskRemoveFromEventList
 .text.vTaskInternalSetTimeOutState
                0x08002c70       0x2c ./freertos/freertos-kernel/tasks.o
                0x08002c70                vTaskInternalSetTimeOutState
 .text.xTaskCheckForTimeOut
                0x08002c9c       0xcc ./freertos/freertos-kernel/tasks.o
                0x08002c9c                xTaskCheckForTimeOut
 .text.vTaskMissedYield
                0x08002d68       0x18 ./freertos/freertos-kernel/tasks.o
                0x08002d68                vTaskMissedYield
 .text.prvIdleTask
                0x08002d80       0x20 ./freertos/freertos-kernel/tasks.o
 .text.prvInitialiseTaskLists
                0x08002da0       0x80 ./freertos/freertos-kernel/tasks.o
 .text.prvCheckTasksWaitingTermination
                0x08002e20       0x5c ./freertos/freertos-kernel/tasks.o
 .text.prvResetNextTaskUnblockTime
                0x08002e7c       0x38 ./freertos/freertos-kernel/tasks.o
 .text.xTaskGetSchedulerState
                0x08002eb4       0x3c ./freertos/freertos-kernel/tasks.o
                0x08002eb4                xTaskGetSchedulerState
 .text.prvAddCurrentTaskToDelayedList
                0x08002ef0      0x10c ./freertos/freertos-kernel/tasks.o
 .text.xTimerCreateTimerTask
                0x08002ffc       0x54 ./freertos/freertos-kernel/timers.o
                0x08002ffc                xTimerCreateTimerTask
 .text.prvProcessExpiredTimer
                0x08003050       0x60 ./freertos/freertos-kernel/timers.o
 .text.prvProcessTimerOrBlockTask
                0x080030b0       0x8c ./freertos/freertos-kernel/timers.o
 .text.prvGetNextExpireTime
                0x0800313c       0x48 ./freertos/freertos-kernel/timers.o
 .text.prvSampleTimeNow
                0x08003184       0x40 ./freertos/freertos-kernel/timers.o
 .text.prvInsertTimerInActiveList
                0x080031c4       0x84 ./freertos/freertos-kernel/timers.o
 .text.prvProcessReceivedCommands
                0x08003248      0x1a0 ./freertos/freertos-kernel/timers.o
 .text.prvSwitchTimerLists
                0x080033e8       0x4c ./freertos/freertos-kernel/timers.o
 .text.prvCheckForValidListAndQueue
                0x08003434       0x6c ./freertos/freertos-kernel/timers.o
 .text.CLOCK_GetSysOscFreq
                0x080034a0       0x54 ./drivers/fsl_clock.o
 .text.CLOCK_GetMclkInClkFreq
                0x080034f4       0x18 ./drivers/fsl_clock.o
 .text.CLOCK_GetLpOscFreq
                0x0800350c       0x30 ./drivers/fsl_clock.o
 .text.CLOCK_DelayUs
                0x0800353c       0x4c ./drivers/fsl_clock.o
 .text.CLOCK_GetT3PllMciIrcClkFreq
                0x08003588       0x58 ./drivers/fsl_clock.o
                0x08003588                CLOCK_GetT3PllMciIrcClkFreq
 .text.CLOCK_GetT3PllMci256mClkFreq
                0x080035e0       0x1c ./drivers/fsl_clock.o
                0x080035e0                CLOCK_GetT3PllMci256mClkFreq
 .text.CLOCK_GetTcpuFvcoFreq
                0x080035fc       0xa4 ./drivers/fsl_clock.o
 .text.CLOCK_GetTcpuMciClkFreq
                0x080036a0       0x24 ./drivers/fsl_clock.o
                0x080036a0                CLOCK_GetTcpuMciClkFreq
 .text.CLOCK_EnableClock
                0x080036c4      0x118 ./drivers/fsl_clock.o
                0x080036c4                CLOCK_EnableClock
 .text.CLOCK_DisableClock
                0x080037dc      0x104 ./drivers/fsl_clock.o
                0x080037dc                CLOCK_DisableClock
 .text.CLOCK_AttachClk
                0x080038e0       0xf4 ./drivers/fsl_clock.o
                0x080038e0                CLOCK_AttachClk
 .text.CLOCK_GetAvPllCh1Freq
                0x080039d4       0x5c ./drivers/fsl_clock.o
                0x080039d4                CLOCK_GetAvPllCh1Freq
 .text.CLOCK_GetMainPllClkFreq
                0x08003a30       0x20 ./drivers/fsl_clock.o
 .text.CLOCK_GetAudioPllClkFreq
                0x08003a50       0x20 ./drivers/fsl_clock.o
 .text.CLOCK_GetMainClkFreq
                0x08003a70       0xac ./drivers/fsl_clock.o
                0x08003a70                CLOCK_GetMainClkFreq
 .text.CLOCK_GetFRGClock
                0x08003b1c      0x148 ./drivers/fsl_clock.o
                0x08003b1c                CLOCK_GetFRGClock
 .text.CLOCK_SetFRGClock
                0x08003c64       0xa4 ./drivers/fsl_clock.o
                0x08003c64                CLOCK_SetFRGClock
 .text.CLOCK_GetFlexCommClkFreq
                0x08003d08       0xa4 ./drivers/fsl_clock.o
                0x08003d08                CLOCK_GetFlexCommClkFreq
 .text.CLOCK_CfgTcpuRefClk
                0x08003dac      0x114 ./drivers/fsl_clock.o
 .text.CLOCK_InitTcpuRefClk
                0x08003ec0       0x64 ./drivers/fsl_clock.o
                0x08003ec0                CLOCK_InitTcpuRefClk
 .text.CLOCK_DeinitTcpuRefClk
                0x08003f24       0x40 ./drivers/fsl_clock.o
                0x08003f24                CLOCK_DeinitTcpuRefClk
 .text.CLOCK_InitTddrRefClk
                0x08003f64       0x70 ./drivers/fsl_clock.o
                0x08003f64                CLOCK_InitTddrRefClk
 .text.CLOCK_DeinitTddrRefClk
                0x08003fd4       0x40 ./drivers/fsl_clock.o
                0x08003fd4                CLOCK_DeinitTddrRefClk
 .text.CLOCK_InitT3RefClk
                0x08004014       0x68 ./drivers/fsl_clock.o
                0x08004014                CLOCK_InitT3RefClk
 .text.CLOCK_DeinitT3RefClk
                0x0800407c       0x38 ./drivers/fsl_clock.o
                0x0800407c                CLOCK_DeinitT3RefClk
 .text.CLOCK_ConfigAvPll
                0x080040b4       0xf4 ./drivers/fsl_clock.o
 .text.CLOCK_ConfigAvPllCh1
                0x080041a8       0x84 ./drivers/fsl_clock.o
 .text.CLOCK_ConfigAvPllCh2
                0x0800422c       0x64 ./drivers/fsl_clock.o
 .text.CLOCK_PowerUpAnaGrp
                0x08004290       0x34 ./drivers/fsl_clock.o
 .text.CLOCK_PowerDownAnaGrp
                0x080042c4       0x30 ./drivers/fsl_clock.o
 .text.CLOCK_EnableAvPllCh
                0x080042f4      0x154 ./drivers/fsl_clock.o
                0x080042f4                CLOCK_EnableAvPllCh
 .text.CLOCK_DisableAvPllCh
                0x08004448       0x60 ./drivers/fsl_clock.o
                0x08004448                CLOCK_DisableAvPllCh
 .text.CLOCK_InitAvPll
                0x080044a8       0x88 ./drivers/fsl_clock.o
                0x080044a8                CLOCK_InitAvPll
 .text.CLOCK_DeinitAvPll
                0x08004530       0x54 ./drivers/fsl_clock.o
                0x08004530                CLOCK_DeinitAvPll
 .text.SDK_DelayAtLeastUs
                0x08004584       0x8c ./drivers/fsl_common_arm.o
                0x08004584                SDK_DelayAtLeastUs
 .text.FLEXCOMM_GetInstance
                0x08004610       0x4c ./drivers/fsl_flexcomm.o
                0x08004610                FLEXCOMM_GetInstance
 .text.FLEXCOMM_Init
                0x0800465c       0x50 ./drivers/fsl_flexcomm.o
                0x0800465c                FLEXCOMM_Init
 .text.FLEXCOMM0_DriverIRQHandler
                0x080046ac       0x5c ./drivers/fsl_flexcomm.o
                0x080046ac                FLEXCOMM0_DriverIRQHandler
 .text.FLEXCOMM1_DriverIRQHandler
                0x08004708       0x5c ./drivers/fsl_flexcomm.o
                0x08004708                FLEXCOMM1_DriverIRQHandler
 .text.FLEXCOMM2_DriverIRQHandler
                0x08004764       0x5c ./drivers/fsl_flexcomm.o
                0x08004764                FLEXCOMM2_DriverIRQHandler
 .text.FLEXCOMM3_DriverIRQHandler
                0x080047c0       0x5c ./drivers/fsl_flexcomm.o
                0x080047c0                FLEXCOMM3_DriverIRQHandler
 .text.FLEXCOMM14_DriverIRQHandler
                0x0800481c       0x5c ./drivers/fsl_flexcomm.o
                0x0800481c                FLEXCOMM14_DriverIRQHandler
 .text.FLEXSPI_DriverIRQHandler
                0x08004878       0x24 ./drivers/fsl_flexspi.o
                0x08004878                FLEXSPI_DriverIRQHandler
 .text.otp_get_nonmask_status_result
                0x0800489c       0x60 ./drivers/fsl_ocotp.o
 .text.otp_wait_busy
                0x080048fc       0x50 ./drivers/fsl_ocotp.o
 .text.otp_clear_status
                0x0800494c       0x28 ./drivers/fsl_ocotp.o
 .text.OCOTP_OtpInit
                0x08004974       0x34 ./drivers/fsl_ocotp.o
                0x08004974                OCOTP_OtpInit
 .text.OCOTP_OtpDeinit
                0x080049a8       0x44 ./drivers/fsl_ocotp.o
                0x080049a8                OCOTP_OtpDeinit
 .text.OCOTP_OtpFuseRead
                0x080049ec       0x74 ./drivers/fsl_ocotp.o
                0x080049ec                OCOTP_OtpFuseRead
 .text.soc_otp_read
                0x08004a60      0x120 ./drivers/fsl_ocotp.o
 .text.OCOTP_ReadSVC
                0x08004b80       0x34 ./drivers/fsl_ocotp.o
                0x08004b80                OCOTP_ReadSVC
 .text.OCOTP_ReadPackage
                0x08004bb4       0x58 ./drivers/fsl_ocotp.o
                0x08004bb4                OCOTP_ReadPackage
 .text.__NVIC_SetPriorityGrouping
                0x08004c0c       0x48 ./drivers/fsl_power.o
 .text.__NVIC_GetPriorityGrouping
                0x08004c54       0x1c ./drivers/fsl_power.o
 .text.POWER_GetThresholdParams
                0x08004c70      0x124 ./drivers/fsl_power.o
 .text.POWER_SaveNvicState
                0x08004d94      0x140 ./drivers/fsl_power.o
 .text.POWER_RestoreNvicState
                0x08004ed4      0x11c ./drivers/fsl_power.o
 .text.CAPTIMER_DriverIRQHandler
                0x08004ff0       0x34 ./drivers/fsl_power.o
                0x08004ff0                CAPTIMER_DriverIRQHandler
 .text.POWER_EnableWakeup
                0x08005024      0x1d4 ./drivers/fsl_power.o
                0x08005024                POWER_EnableWakeup
 .text.POWER_InitVSensorThreshold
                0x080051f8      0x1f0 ./drivers/fsl_power.o
 .text.Power_InitLoadGdetCfg
                0x080053e8       0x70 ./drivers/fsl_power.o
                0x080053e8                Power_InitLoadGdetCfg
 .text.POWER_InitVoltage
                0x08005458       0x94 ./drivers/fsl_power.o
                0x08005458                POWER_InitVoltage
 .text.POWER_TrimSvc
                0x080054ec      0x138 ./drivers/fsl_power.o
                0x080054ec                POWER_TrimSvc
 .text.RESET_SetPeripheralReset
                0x08005624       0xf8 ./drivers/fsl_reset.o
                0x08005624                RESET_SetPeripheralReset
 .text.RESET_ClearPeripheralReset
                0x0800571c      0x104 ./drivers/fsl_reset.o
                0x0800571c                RESET_ClearPeripheralReset
 .text.USART_Init
                0x08005820      0x1d8 ./drivers/fsl_usart.o
                0x08005820                USART_Init
 .text.USART_GetDefaultConfig
                0x080059f8       0xa0 ./drivers/fsl_usart.o
                0x080059f8                USART_GetDefaultConfig
 .text.USART_SetBaudRate
                0x08005a98      0x18c ./drivers/fsl_usart.o
                0x08005a98                USART_SetBaudRate
 .text.USART_WriteBlocking
                0x08005c24       0x8c ./drivers/fsl_usart.o
                0x08005c24                USART_WriteBlocking
 .text.USART_ReadBlocking
                0x08005cb0      0x104 ./drivers/fsl_usart.o
                0x08005cb0                USART_ReadBlocking
 .text.SystemInit
                0x08005db4       0xc4 ./device/system_RW612.o
                0x08005db4                SystemInit
 .text.getT3PllMciIrcClkFreq
                0x08005e78       0x50 ./device/system_RW612.o
 .text.getTcpuFvcoFreq
                0x08005ec8       0x9c ./device/system_RW612.o
 .text.getT3PllMci256mClkFreq
                0x08005f64       0x1c ./device/system_RW612.o
 .text.getTcpuMciClkFreq
                0x08005f80       0x24 ./device/system_RW612.o
 .text.getSysOscFreq
                0x08005fa4       0x48 ./device/system_RW612.o
 .text.getLpOscFreq
                0x08005fec       0x30 ./device/system_RW612.o
 .text.getMainPllClkFreq
                0x0800601c       0x20 ./device/system_RW612.o
 .text.SystemCoreClockUpdate
                0x0800603c       0xc4 ./device/system_RW612.o
                0x0800603c                SystemCoreClockUpdate
 .text.HAL_UartInitCommon
                0x08006100      0x110 ./component/uart/fsl_adapter_usart.o
 .text.HAL_UartReceiveBlocking
                0x08006210       0x6c ./component/uart/fsl_adapter_usart.o
                0x08006210                HAL_UartReceiveBlocking
 .text.HAL_UartSendBlocking
                0x0800627c       0x64 ./component/uart/fsl_adapter_usart.o
                0x0800627c                HAL_UartSendBlocking
 .text.mcuxClEls_isBusy
                0x080062e0       0x24 ./component/els_pkc/src/comps/mcuxClEls/src/mcuxClEls_Common.o
 .text.mcuxClEls_GetErrorCode
                0x08006304      0x1c0 ./component/els_pkc/src/comps/mcuxClEls/src/mcuxClEls_Common.o
                0x08006304                mcuxClEls_GetErrorCode
 .text.mcuxClEls_WaitForOperation
                0x080064c4       0x9c ./component/els_pkc/src/comps/mcuxClEls/src/mcuxClEls_Common.o
                0x080064c4                mcuxClEls_WaitForOperation
 .text.mcuxClEls_ResetErrorFlags
                0x08006560       0x74 ./component/els_pkc/src/comps/mcuxClEls/src/mcuxClEls_Common.o
                0x08006560                mcuxClEls_ResetErrorFlags
 .text.mcuxClEls_setInput0_fixedSize
                0x080065d4       0x20 ./component/els_pkc/src/comps/mcuxClEls/src/mcuxClEls_GlitchDetector.o
 .text.mcuxClEls_startCommand
                0x080065f4       0x40 ./component/els_pkc/src/comps/mcuxClEls/src/mcuxClEls_GlitchDetector.o
 .text.mcuxClEls_isBusy
                0x08006634       0x24 ./component/els_pkc/src/comps/mcuxClEls/src/mcuxClEls_GlitchDetector.o
 .text.BOARD_InitDebugConsole
                0x08006658       0x44 ./board/board.o
                0x08006658                BOARD_InitDebugConsole
 .text.LoadGdetCfg
                0x0800669c       0xcc ./board/board.o
 .text.ConfigSvcSensor
                0x08006768      0x168 ./board/board.o
 .text.BOARD_ClockPreConfig
                0x080068d0       0x6c ./board/board.o
                0x080068d0                BOARD_ClockPreConfig
 .text.BOARD_ClockPostConfig
                0x0800693c       0x3c ./board/board.o
                0x0800693c                BOARD_ClockPostConfig
 .text.BOARD_BootClockRUN
                0x08006978      0x108 ./board/clock_config.o
                0x08006978                BOARD_BootClockRUN
 .text.IO_MUX_SetPinMux
                0x08006a80      0x294 ./board/pin_mux.o
 .text.BOARD_InitPins
                0x08006d14       0x40 ./board/pin_mux.o
                0x08006d14                BOARD_InitPins
 .text._initio  0x08006d54       0x78 C:/nxp/MCUXpressoIDE_24.12.148/ide/plugins/com.nxp.mcuxpresso.tools.win32_24.12.0.202407110909/tools/bin/../lib/gcc/arm-none-eabi/13.2.1/../../../../arm-none-eabi/lib/thumb/v8-m.main+fp/hard\libcr_c.a(initio.o)
                0x08006d54                _initio
 .text._Cwritebuf
                0x08006dcc       0x6c C:/nxp/MCUXpressoIDE_24.12.148/ide/plugins/com.nxp.mcuxpresso.tools.win32_24.12.0.202407110909/tools/bin/../lib/gcc/arm-none-eabi/13.2.1/../../../../arm-none-eabi/lib/thumb/v8-m.main+fp/hard\libcr_c.a(_writebuf.o)
                0x08006dcc                _Cwritebuf
 .text.fflush   0x08006e38       0x3c C:/nxp/MCUXpressoIDE_24.12.148/ide/plugins/com.nxp.mcuxpresso.tools.win32_24.12.0.202407110909/tools/bin/../lib/gcc/arm-none-eabi/13.2.1/../../../../arm-none-eabi/lib/thumb/v8-m.main+fp/hard\libcr_c.a(fflush.o)
                0x08006e38                fflush
 .text.fseek    0x08006e74       0xf8 C:/nxp/MCUXpressoIDE_24.12.148/ide/plugins/com.nxp.mcuxpresso.tools.win32_24.12.0.202407110909/tools/bin/../lib/gcc/arm-none-eabi/13.2.1/../../../../arm-none-eabi/lib/thumb/v8-m.main+fp/hard\libcr_c.a(fseek.o)
                0x08006e74                fseek
 .text.ftell    0x08006f6c       0x44 C:/nxp/MCUXpressoIDE_24.12.148/ide/plugins/com.nxp.mcuxpresso.tools.win32_24.12.0.202407110909/tools/bin/../lib/gcc/arm-none-eabi/13.2.1/../../../../arm-none-eabi/lib/thumb/v8-m.main+fp/hard\libcr_c.a(ftell.o)
                0x08006f6c                ftell
 .text.DbgConsole_Printf
                0x08006fb0       0x2c ./utilities/debug_console_lite/fsl_debug_console.o
                0x08006fb0                DbgConsole_Printf
 .text.DbgConsole_PrintfPaddingCharacter
                0x08006fdc       0x40 ./utilities/debug_console_lite/fsl_debug_console.o
 .text.DbgConsole_ConvertRadixNumToString
                0x0800701c       0xc2 ./utilities/debug_console_lite/fsl_debug_console.o
 .text.fsl_assert_hook
                0x080070de       0x1a ./utilities/fsl_assert.o
                0x080070de                fsl_assert_hook
 .text.WDT0_IRQHandler
                0x080070f8        0x8 ./startup/startup_rw612.o
                0x080070f8                WDT0_IRQHandler
 .text.DMA0_IRQHandler
                0x08007100        0x8 ./startup/startup_rw612.o
                0x08007100                DMA0_IRQHandler
 .text.GPIO_INTA_IRQHandler
                0x08007108        0x8 ./startup/startup_rw612.o
                0x08007108                GPIO_INTA_IRQHandler
 .text.GPIO_INTB_IRQHandler
                0x08007110        0x8 ./startup/startup_rw612.o
                0x08007110                GPIO_INTB_IRQHandler
 .text.PIN_INT0_IRQHandler
                0x08007118        0x8 ./startup/startup_rw612.o
                0x08007118                PIN_INT0_IRQHandler
 .text.PIN_INT1_IRQHandler
                0x08007120        0x8 ./startup/startup_rw612.o
                0x08007120                PIN_INT1_IRQHandler
 .text.PIN_INT2_IRQHandler
                0x08007128        0x8 ./startup/startup_rw612.o
                0x08007128                PIN_INT2_IRQHandler
 .text.PIN_INT3_IRQHandler
                0x08007130        0x8 ./startup/startup_rw612.o
                0x08007130                PIN_INT3_IRQHandler
 .text.UTICK_IRQHandler
                0x08007138        0x8 ./startup/startup_rw612.o
                0x08007138                UTICK_IRQHandler
 .text.MRT_IRQHandler
                0x08007140        0x8 ./startup/startup_rw612.o
                0x08007140                MRT_IRQHandler
 .text.CTIMER0_IRQHandler
                0x08007148        0x8 ./startup/startup_rw612.o
                0x08007148                CTIMER0_IRQHandler
 .text.CTIMER1_IRQHandler
                0x08007150        0x8 ./startup/startup_rw612.o
                0x08007150                CTIMER1_IRQHandler
 .text.SCT0_IRQHandler
                0x08007158        0x8 ./startup/startup_rw612.o
                0x08007158                SCT0_IRQHandler
 .text.CTIMER3_IRQHandler
                0x08007160        0x8 ./startup/startup_rw612.o
                0x08007160                CTIMER3_IRQHandler
 .text.FLEXCOMM0_IRQHandler
                0x08007168        0x8 ./startup/startup_rw612.o
                0x08007168                FLEXCOMM0_IRQHandler
 .text.FLEXCOMM1_IRQHandler
                0x08007170        0x8 ./startup/startup_rw612.o
                0x08007170                FLEXCOMM1_IRQHandler
 .text.FLEXCOMM2_IRQHandler
                0x08007178        0x8 ./startup/startup_rw612.o
                0x08007178                FLEXCOMM2_IRQHandler
 .text.FLEXCOMM3_IRQHandler
                0x08007180        0x8 ./startup/startup_rw612.o
                0x08007180                FLEXCOMM3_IRQHandler
 .text.Reserved34_IRQHandler
                0x08007188        0x8 ./startup/startup_rw612.o
                0x08007188                Reserved34_IRQHandler
 .text.Reserved35_IRQHandler
                0x08007190        0x8 ./startup/startup_rw612.o
                0x08007190                Reserved35_IRQHandler
 .text.FLEXCOMM14_IRQHandler
                0x08007198        0x8 ./startup/startup_rw612.o
                0x08007198                FLEXCOMM14_IRQHandler
 .text.Reserved37_IRQHandler
                0x080071a0        0x8 ./startup/startup_rw612.o
                0x080071a0                Reserved37_IRQHandler
 .text.Reserved38_IRQHandler
                0x080071a8        0x8 ./startup/startup_rw612.o
                0x080071a8                Reserved38_IRQHandler
 .text.GFMRT_IRQHandler
                0x080071b0        0x8 ./startup/startup_rw612.o
                0x080071b0                GFMRT_IRQHandler
 .text.Reserved40_IRQHandler
                0x080071b8        0x8 ./startup/startup_rw612.o
                0x080071b8                Reserved40_IRQHandler
 .text.DMIC_IRQHandler
                0x080071c0        0x8 ./startup/startup_rw612.o
                0x080071c0                DMIC_IRQHandler
 .text.WKDEEPSLEEP_IRQHandler
                0x080071c8        0x8 ./startup/startup_rw612.o
                0x080071c8                WKDEEPSLEEP_IRQHandler
 .text.HYPERVISOR_IRQHandler
                0x080071d0        0x8 ./startup/startup_rw612.o
                0x080071d0                HYPERVISOR_IRQHandler
 .text.SECUREVIOLATION_IRQHandler
                0x080071d8        0x8 ./startup/startup_rw612.o
                0x080071d8                SECUREVIOLATION_IRQHandler
 .text.HWVAD_IRQHandler
                0x080071e0        0x8 ./startup/startup_rw612.o
                0x080071e0                HWVAD_IRQHandler
 .text.Reserved46_IRQHandler
                0x080071e8        0x8 ./startup/startup_rw612.o
                0x080071e8                Reserved46_IRQHandler
 .text.Reserved47_IRQHandler
                0x080071f0        0x8 ./startup/startup_rw612.o
                0x080071f0                Reserved47_IRQHandler
 .text.RTC_IRQHandler
                0x080071f8        0x8 ./startup/startup_rw612.o
                0x080071f8                RTC_IRQHandler
 .text.Reserved49_IRQHandler
                0x08007200        0x8 ./startup/startup_rw612.o
                0x08007200                Reserved49_IRQHandler
 .text.Reserved50_IRQHandler
                0x08007208        0x8 ./startup/startup_rw612.o
                0x08007208                Reserved50_IRQHandler
 .text.PIN_INT4_IRQHandler
                0x08007210        0x8 ./startup/startup_rw612.o
                0x08007210                PIN_INT4_IRQHandler
 .text.PIN_INT5_IRQHandler
                0x08007218        0x8 ./startup/startup_rw612.o
                0x08007218                PIN_INT5_IRQHandler
 .text.PIN_INT6_IRQHandler
                0x08007220        0x8 ./startup/startup_rw612.o
                0x08007220                PIN_INT6_IRQHandler
 .text.PIN_INT7_IRQHandler
                0x08007228        0x8 ./startup/startup_rw612.o
                0x08007228                PIN_INT7_IRQHandler
 .text.CTIMER2_IRQHandler
                0x08007230        0x8 ./startup/startup_rw612.o
                0x08007230                CTIMER2_IRQHandler
 .text.CTIMER4_IRQHandler
                0x08007238        0x8 ./startup/startup_rw612.o
                0x08007238                CTIMER4_IRQHandler
 .text.OS_EVENT_TIMER_IRQHandler
                0x08007240        0x8 ./startup/startup_rw612.o
                0x08007240                OS_EVENT_TIMER_IRQHandler
 .text.FLEXSPI_IRQHandler
                0x08007248        0x8 ./startup/startup_rw612.o
                0x08007248                FLEXSPI_IRQHandler
 .text.Reserved59_IRQHandler
                0x08007250        0x8 ./startup/startup_rw612.o
                0x08007250                Reserved59_IRQHandler
 .text.Reserved60_IRQHandler
                0x08007258        0x8 ./startup/startup_rw612.o
                0x08007258                Reserved60_IRQHandler
 .text.Reserved61_IRQHandler
                0x08007260        0x8 ./startup/startup_rw612.o
                0x08007260                Reserved61_IRQHandler
 .text.SDIO_IRQHandler
                0x08007268        0x8 ./startup/startup_rw612.o
                0x08007268                SDIO_IRQHandler
 .text.SGPIO_INTA_IRQHandler
                0x08007270        0x8 ./startup/startup_rw612.o
                0x08007270                SGPIO_INTA_IRQHandler
 .text.SGPIO_INTB_IRQHandler
                0x08007278        0x8 ./startup/startup_rw612.o
                0x08007278                SGPIO_INTB_IRQHandler
 .text.Reserved65_IRQHandler
                0x08007280        0x8 ./startup/startup_rw612.o
                0x08007280                Reserved65_IRQHandler
 .text.USB_IRQHandler
                0x08007288        0x8 ./startup/startup_rw612.o
                0x08007288                USB_IRQHandler
 .text.Reserved67_IRQHandler
                0x08007290        0x8 ./startup/startup_rw612.o
                0x08007290                Reserved67_IRQHandler
 .text.Reserved68_IRQHandler
                0x08007298        0x8 ./startup/startup_rw612.o
                0x08007298                Reserved68_IRQHandler
 .text.Reserved69_IRQHandler
                0x080072a0        0x8 ./startup/startup_rw612.o
                0x080072a0                Reserved69_IRQHandler
 .text.DMA1_IRQHandler
                0x080072a8        0x8 ./startup/startup_rw612.o
                0x080072a8                DMA1_IRQHandler
 .text.PUF_IRQHandler
                0x080072b0        0x8 ./startup/startup_rw612.o
                0x080072b0                PUF_IRQHandler
 .text.POWERQUAD_IRQHandler
                0x080072b8        0x8 ./startup/startup_rw612.o
                0x080072b8                POWERQUAD_IRQHandler
 .text.Reserved73_IRQHandler
                0x080072c0        0x8 ./startup/startup_rw612.o
                0x080072c0                Reserved73_IRQHandler
 .text.Reserved74_IRQHandler
                0x080072c8        0x8 ./startup/startup_rw612.o
                0x080072c8                Reserved74_IRQHandler
 .text.Reserved75_IRQHandler
                0x080072d0        0x8 ./startup/startup_rw612.o
                0x080072d0                Reserved75_IRQHandler
 .text.Reserved76_IRQHandler
                0x080072d8        0x8 ./startup/startup_rw612.o
                0x080072d8                Reserved76_IRQHandler
 .text.LCD_IRQHandler
                0x080072e0        0x8 ./startup/startup_rw612.o
                0x080072e0                LCD_IRQHandler
 .text.CAPTIMER_IRQHandler
                0x080072e8        0x8 ./startup/startup_rw612.o
                0x080072e8                CAPTIMER_IRQHandler
 .text.Reserved79_IRQHandler
                0x080072f0        0x8 ./startup/startup_rw612.o
                0x080072f0                Reserved79_IRQHandler
 .text.W2MWKUP_DONE0_IRQHandler
                0x080072f8        0x8 ./startup/startup_rw612.o
                0x080072f8                W2MWKUP_DONE0_IRQHandler
 .text.W2MWKUP_DONE1_IRQHandler
                0x08007300        0x8 ./startup/startup_rw612.o
                0x08007300                W2MWKUP_DONE1_IRQHandler
 .text.W2MWKUP_DONE2_IRQHandler
                0x08007308        0x8 ./startup/startup_rw612.o
                0x08007308                W2MWKUP_DONE2_IRQHandler
 .text.W2MWKUP_DONE3_IRQHandler
                0x08007310        0x8 ./startup/startup_rw612.o
                0x08007310                W2MWKUP_DONE3_IRQHandler
 .text.W2MWKUP_DONE4_IRQHandler
                0x08007318        0x8 ./startup/startup_rw612.o
                0x08007318                W2MWKUP_DONE4_IRQHandler
 .text.W2MWKUP_DONE5_IRQHandler
                0x08007320        0x8 ./startup/startup_rw612.o
                0x08007320                W2MWKUP_DONE5_IRQHandler
 .text.W2MWKUP_DONE6_IRQHandler
                0x08007328        0x8 ./startup/startup_rw612.o
                0x08007328                W2MWKUP_DONE6_IRQHandler
 .text.W2MWKUP_DONE7_IRQHandler
                0x08007330        0x8 ./startup/startup_rw612.o
                0x08007330                W2MWKUP_DONE7_IRQHandler
 .text.W2MWKUP0_IRQHandler
                0x08007338        0x8 ./startup/startup_rw612.o
                0x08007338                W2MWKUP0_IRQHandler
 .text.W2MWKUP1_IRQHandler
                0x08007340        0x8 ./startup/startup_rw612.o
                0x08007340                W2MWKUP1_IRQHandler
 .text.WL_MCI_INT0_IRQHandler
                0x08007348        0x8 ./startup/startup_rw612.o
                0x08007348                WL_MCI_INT0_IRQHandler
 .text.WL_MCI_INT1_IRQHandler
                0x08007350        0x8 ./startup/startup_rw612.o
                0x08007350                WL_MCI_INT1_IRQHandler
 .text.WL_MCI_INT2_IRQHandler
                0x08007358        0x8 ./startup/startup_rw612.o
                0x08007358                WL_MCI_INT2_IRQHandler
 .text.WL_MCI_INT3_IRQHandler
                0x08007360        0x8 ./startup/startup_rw612.o
                0x08007360                WL_MCI_INT3_IRQHandler
 .text.WL_MCI_INT4_IRQHandler
                0x08007368        0x8 ./startup/startup_rw612.o
                0x08007368                WL_MCI_INT4_IRQHandler
 .text.WL_MCI_INT5_IRQHandler
                0x08007370        0x8 ./startup/startup_rw612.o
                0x08007370                WL_MCI_INT5_IRQHandler
 .text.WL_MCI_INT6_IRQHandler
                0x08007378        0x8 ./startup/startup_rw612.o
                0x08007378                WL_MCI_INT6_IRQHandler
 .text.WL_MCI_INT7_IRQHandler
                0x08007380        0x8 ./startup/startup_rw612.o
                0x08007380                WL_MCI_INT7_IRQHandler
 .text.B2MWKUP_DONE0_IRQHandler
                0x08007388        0x8 ./startup/startup_rw612.o
                0x08007388                B2MWKUP_DONE0_IRQHandler
 .text.B2MWKUP_DONE1_IRQHandler
                0x08007390        0x8 ./startup/startup_rw612.o
                0x08007390                B2MWKUP_DONE1_IRQHandler
 .text.B2MWKUP_DONE2_IRQHandler
                0x08007398        0x8 ./startup/startup_rw612.o
                0x08007398                B2MWKUP_DONE2_IRQHandler
 .text.B2MWKUP_DONE3_IRQHandler
                0x080073a0        0x8 ./startup/startup_rw612.o
                0x080073a0                B2MWKUP_DONE3_IRQHandler
 .text.B2MWKUP_DONE4_IRQHandler
                0x080073a8        0x8 ./startup/startup_rw612.o
                0x080073a8                B2MWKUP_DONE4_IRQHandler
 .text.B2MWKUP_DONE5_IRQHandler
                0x080073b0        0x8 ./startup/startup_rw612.o
                0x080073b0                B2MWKUP_DONE5_IRQHandler
 .text.B2MWKUP_DONE6_IRQHandler
                0x080073b8        0x8 ./startup/startup_rw612.o
                0x080073b8                B2MWKUP_DONE6_IRQHandler
 .text.B2MWKUP_DONE7_IRQHandler
                0x080073c0        0x8 ./startup/startup_rw612.o
                0x080073c0                B2MWKUP_DONE7_IRQHandler
 .text.B2MWKUP0_IRQHandler
                0x080073c8        0x8 ./startup/startup_rw612.o
                0x080073c8                B2MWKUP0_IRQHandler
 .text.B2MWKUP1_IRQHandler
                0x080073d0        0x8 ./startup/startup_rw612.o
                0x080073d0                B2MWKUP1_IRQHandler
 .text.BLE_MCI_INT0_IRQHandler
                0x080073d8        0x8 ./startup/startup_rw612.o
                0x080073d8                BLE_MCI_INT0_IRQHandler
 .text.BLE_MCI_INT1_IRQHandler
                0x080073e0        0x8 ./startup/startup_rw612.o
                0x080073e0                BLE_MCI_INT1_IRQHandler
 .text.BLE_MCI_INT2_IRQHandler
                0x080073e8        0x8 ./startup/startup_rw612.o
                0x080073e8                BLE_MCI_INT2_IRQHandler
 .text.BLE_MCI_INT3_IRQHandler
                0x080073f0        0x8 ./startup/startup_rw612.o
                0x080073f0                BLE_MCI_INT3_IRQHandler
 .text.BLE_MCI_INT4_IRQHandler
                0x080073f8        0x8 ./startup/startup_rw612.o
                0x080073f8                BLE_MCI_INT4_IRQHandler
 .text.BLE_MCI_INT5_IRQHandler
                0x08007400        0x8 ./startup/startup_rw612.o
                0x08007400                BLE_MCI_INT5_IRQHandler
 .text.BLE_MCI_INT6_IRQHandler
                0x08007408        0x8 ./startup/startup_rw612.o
                0x08007408                BLE_MCI_INT6_IRQHandler
 .text.BLE_MCI_INT7_IRQHandler
                0x08007410        0x8 ./startup/startup_rw612.o
                0x08007410                BLE_MCI_INT7_IRQHandler
 .text.PIN0_INT_IRQHandler
                0x08007418        0x8 ./startup/startup_rw612.o
                0x08007418                PIN0_INT_IRQHandler
 .text.PIN1_INT_IRQHandler
                0x08007420        0x8 ./startup/startup_rw612.o
                0x08007420                PIN1_INT_IRQHandler
 .text.ELS_IRQHandler
                0x08007428        0x8 ./startup/startup_rw612.o
                0x08007428                ELS_IRQHandler
 .text.ELS_GDET_IRQHandler
                0x08007430        0x8 ./startup/startup_rw612.o
                0x08007430                ELS_GDET_IRQHandler
 .text.ELS_GDET_UM_IRQHandler
                0x08007438        0x8 ./startup/startup_rw612.o
                0x08007438                ELS_GDET_UM_IRQHandler
 .text.PKC_INT_IRQHandler
                0x08007440        0x8 ./startup/startup_rw612.o
                0x08007440                PKC_INT_IRQHandler
 .text.PKC_ERR_IRQHandler
                0x08007448        0x8 ./startup/startup_rw612.o
                0x08007448                PKC_ERR_IRQHandler
 .text.CDOG_INT_IRQHandler
                0x08007450        0x8 ./startup/startup_rw612.o
                0x08007450                CDOG_INT_IRQHandler
 .text.GAU_DAC_IRQHandler
                0x08007458        0x8 ./startup/startup_rw612.o
                0x08007458                GAU_DAC_IRQHandler
 .text.GAU_ACOMP_WKUP_IRQHandler
                0x08007460        0x8 ./startup/startup_rw612.o
                0x08007460                GAU_ACOMP_WKUP_IRQHandler
 .text.GAU_ACOMP_IRQHandler
                0x08007468        0x8 ./startup/startup_rw612.o
                0x08007468                GAU_ACOMP_IRQHandler
 .text.GAU_ADC1_IRQHandler
                0x08007470        0x8 ./startup/startup_rw612.o
                0x08007470                GAU_ADC1_IRQHandler
 .text.GAU_ADC0_IRQHandler
                0x08007478        0x8 ./startup/startup_rw612.o
                0x08007478                GAU_ADC0_IRQHandler
 .text.USIM_IRQHandler
                0x08007480        0x8 ./startup/startup_rw612.o
                0x08007480                USIM_IRQHandler
 .text.OTP_IRQHandler
                0x08007488        0x8 ./startup/startup_rw612.o
                0x08007488                OTP_IRQHandler
 .text.ENET_IRQHandler
                0x08007490        0x8 ./startup/startup_rw612.o
                0x08007490                ENET_IRQHandler
 .text.ENET_TIMER_IRQHandler
                0x08007498        0x8 ./startup/startup_rw612.o
                0x08007498                ENET_TIMER_IRQHandler
 .text.PMIP_IRQHandler
                0x080074a0        0x8 ./startup/startup_rw612.o
                0x080074a0                PMIP_IRQHandler
 .text.PMIP_CHANGE_IRQHandler
                0x080074a8        0x8 ./startup/startup_rw612.o
                0x080074a8                PMIP_CHANGE_IRQHandler
 .text.ITRC_IRQHandler
                0x080074b0        0x8 ./startup/startup_rw612.o
                0x080074b0                ITRC_IRQHandler
 .text.Reserved136_IRQHandler
                0x080074b8        0x8 ./startup/startup_rw612.o
                0x080074b8                Reserved136_IRQHandler
 .text.Reserved137_IRQHandler
                0x080074c0        0x8 ./startup/startup_rw612.o
                0x080074c0                Reserved137_IRQHandler
 .text.Reserved138_IRQHandler
                0x080074c8        0x8 ./startup/startup_rw612.o
                0x080074c8                Reserved138_IRQHandler
 .text.TRNG_IRQHandler
                0x080074d0        0x8 ./startup/startup_rw612.o
                0x080074d0                TRNG_IRQHandler
 .text.ACC_C_INT_IRQHandler
                0x080074d8        0x8 ./startup/startup_rw612.o
                0x080074d8                ACC_C_INT_IRQHandler
 .text.ACC_S_INT_IRQHandler
                0x080074e0        0x8 ./startup/startup_rw612.o
                0x080074e0                ACC_S_INT_IRQHandler
 .text.WACC_IRQHandler
                0x080074e8        0x8 ./startup/startup_rw612.o
                0x080074e8                WACC_IRQHandler
 .text.BACC_IRQHandler
                0x080074f0        0x8 ./startup/startup_rw612.o
                0x080074f0                BACC_IRQHandler
 .text.GDMA_IRQHandler
                0x080074f8        0x8 ./startup/startup_rw612.o
                0x080074f8                GDMA_IRQHandler
 .text.HardFault_Handler
                0x08007500       0x36 ./source/semihost_hardfault.o
                0x08007500                HardFault_Handler
 .text.vPortSVCHandler_C
                0x08007536       0x30 ./freertos/freertos-kernel/portable/GCC/ARM_CM33_NTZ/non_secure/port.o
                0x08007536                vPortSVCHandler_C
 .text.ulSetInterruptMask
                0x08007566       0x1a ./freertos/freertos-kernel/portable/GCC/ARM_CM33_NTZ/non_secure/portasm.o
                0x08007566                ulSetInterruptMask
 .text.vClearInterruptMask
                0x08007580       0x10 ./freertos/freertos-kernel/portable/GCC/ARM_CM33_NTZ/non_secure/portasm.o
                0x08007580                vClearInterruptMask
 .text.vListInitialise
                0x08007590       0x40 ./freertos/freertos-kernel/list.o
                0x08007590                vListInitialise
 .text.vListInitialiseItem
                0x080075d0       0x1a ./freertos/freertos-kernel/list.o
                0x080075d0                vListInitialiseItem
 .text.vListInsert
                0x080075ea       0x72 ./freertos/freertos-kernel/list.o
                0x080075ea                vListInsert
 .text.uxListRemove
                0x0800765c       0x54 ./freertos/freertos-kernel/list.o
                0x0800765c                uxListRemove
 .text.xQueueGenericReset
                0x080076b0       0xee ./freertos/freertos-kernel/queue.o
                0x080076b0                xQueueGenericReset
 .text.xQueueGenericCreate
                0x0800779e       0x8c ./freertos/freertos-kernel/queue.o
                0x0800779e                xQueueGenericCreate
 .text.prvInitialiseNewQueue
                0x0800782a       0x46 ./freertos/freertos-kernel/queue.o
 .text.xQueueReceive
                0x08007870      0x172 ./freertos/freertos-kernel/queue.o
                0x08007870                xQueueReceive
 .text.prvCopyDataFromQueue
                0x080079e2       0x4c ./freertos/freertos-kernel/queue.o
 .text.prvUnlockQueue
                0x08007a2e       0xa4 ./freertos/freertos-kernel/queue.o
 .text.prvIsQueueEmpty
                0x08007ad2       0x2c ./freertos/freertos-kernel/queue.o
 .text.vQueueWaitForMessageRestricted
                0x08007afe       0x68 ./freertos/freertos-kernel/queue.o
                0x08007afe                vQueueWaitForMessageRestricted
 .text.prvCreateTask
                0x08007b66       0x78 ./freertos/freertos-kernel/tasks.o
 .text.xTaskCreate
                0x08007bde       0x46 ./freertos/freertos-kernel/tasks.o
                0x08007bde                xTaskCreate
 .text.prvInitialiseNewTask
                0x08007c24      0x100 ./freertos/freertos-kernel/tasks.o
 .text.prvDeleteTCB
                0x08007d24       0x20 ./freertos/freertos-kernel/tasks.o
 .text.prvReloadTimer
                0x08007d44       0x42 ./freertos/freertos-kernel/timers.o
 .text.prvTimerTask
                0x08007d86       0x24 ./freertos/freertos-kernel/timers.o
 .text.CLOCK_GetClk32KFreq
                0x08007daa       0x12 ./drivers/fsl_clock.o
 .text.CLOCK_Delay
                0x08007dbc       0x22 ./drivers/fsl_clock.o
 .text.CLOCK_SetClkDiv
                0x08007dde       0x78 ./drivers/fsl_clock.o
                0x08007dde                CLOCK_SetClkDiv
 .text.CLOCK_GetFFroFreq
                0x08007e56        0xe ./drivers/fsl_clock.o
                0x08007e56                CLOCK_GetFFroFreq
 .text.CLOCK_GetSFroFreq
                0x08007e64       0x10 ./drivers/fsl_clock.o
                0x08007e64                CLOCK_GetSFroFreq
 .text.DelayLoop
                0x08007e74       0x20 ./drivers/fsl_common_arm.o
 .text.FLEXCOMM_PeripheralIsPresent
                0x08007e94       0x64 ./drivers/fsl_flexcomm.o
 .text.FLEXCOMM_SetPeriph
                0x08007ef8       0x74 ./drivers/fsl_flexcomm.o
 .text.OCOTP_ReadSocOtp
                0x08007f6c       0x6a ./drivers/fsl_ocotp.o
                0x08007f6c                OCOTP_ReadSocOtp
 .text.DisableGlobalIRQ
                0x08007fd6       0x22 ./drivers/fsl_power.o
 .text.EnableGlobalIRQ
                0x08007ff8       0x20 ./drivers/fsl_power.o
 .text.RESET_PeripheralReset
                0x08008018       0x22 ./drivers/fsl_reset.o
                0x08008018                RESET_PeripheralReset
 .text.USART_EnableContinuousSCLK
                0x0800803a       0x38 ./drivers/fsl_usart.o
 .text.USART_SetRxTimeoutConfig
                0x08008072       0x68 ./drivers/fsl_usart.o
                0x08008072                USART_SetRxTimeoutConfig
 .text.getFFroFreq
                0x080080da        0xe ./device/system_RW612.o
 .text.getSFroFreq
                0x080080e8       0x10 ./device/system_RW612.o
 .text.SystemInitHook
                0x080080f8        0xe ./device/system_RW612.o
                0x080080f8                SystemInitHook
 .text.HAL_UartGetStatus
                0x08008106       0x22 ./component/uart/fsl_adapter_usart.o
 .text.HAL_UartInit
                0x08008128       0x36 ./component/uart/fsl_adapter_usart.o
                0x08008128                HAL_UartInit
 .text.mcuxClEls_getSfrField
                0x0800815e       0x24 ./component/els_pkc/src/comps/mcuxClEls/src/mcuxClEls_Common.o
 .text.mcuxClEls_GlitchDetector_LoadConfig_Async
                0x08008182       0x98 ./component/els_pkc/src/comps/mcuxClEls/src/mcuxClEls_GlitchDetector.o
                0x08008182                mcuxClEls_GlitchDetector_LoadConfig_Async
 .text.BOARD_InitBootClocks
                0x0800821a        0xc ./board/clock_config.o
                0x0800821a                BOARD_InitBootClocks
 .text.BOARD_InitHardware
                0x08008226       0x14 ./board/hardware_init.o
                0x08008226                BOARD_InitHardware
 .text.BOARD_InitBootPins
                0x0800823a        0xc ./board/pin_mux.o
                0x0800823a                BOARD_InitBootPins
 .text.__main   0x08008246        0xe C:/nxp/MCUXpressoIDE_24.12.148/ide/plugins/com.nxp.mcuxpresso.tools.win32_24.12.0.202407110909/tools/bin/../lib/gcc/arm-none-eabi/13.2.1/../../../../arm-none-eabi/lib/thumb/v8-m.main+fp/hard\libcr_nohost_nf.a(_cr__main.o)
                0x08008246                __main
 .text.memset   0x08008254        0x4 C:/nxp/MCUXpressoIDE_24.12.148/ide/plugins/com.nxp.mcuxpresso.tools.win32_24.12.0.202407110909/tools/bin/../lib/gcc/arm-none-eabi/13.2.1/../../../../arm-none-eabi/lib/thumb/v8-m.main+fp/hard\libcr_c.a(memset.o)
                0x08008254                memset
 .text.free     0x08008258       0x30 C:/nxp/MCUXpressoIDE_24.12.148/ide/plugins/com.nxp.mcuxpresso.tools.win32_24.12.0.202407110909/tools/bin/../lib/gcc/arm-none-eabi/13.2.1/../../../../arm-none-eabi/lib/thumb/v8-m.main+fp/hard\libcr_c.a(alloc.o)
                0x08008258                free
 .text.setvbuf  0x08008288       0x3e C:/nxp/MCUXpressoIDE_24.12.148/ide/plugins/com.nxp.mcuxpresso.tools.win32_24.12.0.202407110909/tools/bin/../lib/gcc/arm-none-eabi/13.2.1/../../../../arm-none-eabi/lib/thumb/v8-m.main+fp/hard\libcr_c.a(setvbuf.o)
                0x08008288                setvbuf
 .text.strlen   0x080082c6       0x4e C:/nxp/MCUXpressoIDE_24.12.148/ide/plugins/com.nxp.mcuxpresso.tools.win32_24.12.0.202407110909/tools/bin/../lib/gcc/arm-none-eabi/13.2.1/../../../../arm-none-eabi/lib/thumb/v8-m.main+fp/hard\libcr_c.a(strlen.o)
                0x080082c6                strlen
 .text._deferredlazyseek
                0x08008314       0x40 C:/nxp/MCUXpressoIDE_24.12.148/ide/plugins/com.nxp.mcuxpresso.tools.win32_24.12.0.202407110909/tools/bin/../lib/gcc/arm-none-eabi/13.2.1/../../../../arm-none-eabi/lib/thumb/v8-m.main+fp/hard\libcr_c.a(_deferredlazyseek.o)
                0x08008314                _deferredlazyseek
 .text._fdopen  0x08008354       0x68 C:/nxp/MCUXpressoIDE_24.12.148/ide/plugins/com.nxp.mcuxpresso.tools.win32_24.12.0.202407110909/tools/bin/../lib/gcc/arm-none-eabi/13.2.1/../../../../arm-none-eabi/lib/thumb/v8-m.main+fp/hard\libcr_c.a(_fdopen.o)
                0x08008354                _fdopen
 .text._fflush  0x080083bc       0x52 C:/nxp/MCUXpressoIDE_24.12.148/ide/plugins/com.nxp.mcuxpresso.tools.win32_24.12.0.202407110909/tools/bin/../lib/gcc/arm-none-eabi/13.2.1/../../../../arm-none-eabi/lib/thumb/v8-m.main+fp/hard\libcr_c.a(_fflush.o)
                0x080083bc                _fflush
 .text.fclose   0x0800840e       0x58 C:/nxp/MCUXpressoIDE_24.12.148/ide/plugins/com.nxp.mcuxpresso.tools.win32_24.12.0.202407110909/tools/bin/../lib/gcc/arm-none-eabi/13.2.1/../../../../arm-none-eabi/lib/thumb/v8-m.main+fp/hard\libcr_c.a(fclose.o)
                0x0800840e                fclose
 .text.remove   0x08008466       0x14 C:/nxp/MCUXpressoIDE_24.12.148/ide/plugins/com.nxp.mcuxpresso.tools.win32_24.12.0.202407110909/tools/bin/../lib/gcc/arm-none-eabi/13.2.1/../../../../arm-none-eabi/lib/thumb/v8-m.main+fp/hard\libcr_c.a(remove.o)
                0x08008466                remove
 .text._do_fflush
                0x0800847a       0x40 C:/nxp/MCUXpressoIDE_24.12.148/ide/plugins/com.nxp.mcuxpresso.tools.win32_24.12.0.202407110909/tools/bin/../lib/gcc/arm-none-eabi/13.2.1/../../../../arm-none-eabi/lib/thumb/v8-m.main+fp/hard\libcr_c.a(_do_fflush.o)
                0x0800847a                _do_fflush
 .text.__aeabi_division_uldivmod
                0x080084ba      0x174 C:/nxp/MCUXpressoIDE_24.12.148/ide/plugins/com.nxp.mcuxpresso.tools.win32_24.12.0.202407110909/tools/bin/../lib/gcc/arm-none-eabi/13.2.1/thumb/v8-m.main+fp/hard\libcr_eabihelpers.a(division_64.o)
                0x080084ba                __aeabi_uldivmod
                0x080084be                __bhs_ldivmod1
 .text.__aeabi_division_idiv0
                0x0800862e        0x2 C:/nxp/MCUXpressoIDE_24.12.148/ide/plugins/com.nxp.mcuxpresso.tools.win32_24.12.0.202407110909/tools/bin/../lib/gcc/arm-none-eabi/13.2.1/thumb/v8-m.main+fp/hard\libcr_eabihelpers.a(division_idiv0.o)
                0x0800862e                __aeabi_idiv0
 .text.__aeabi_memset_lowlevel
                0x08008630       0x32 C:/nxp/MCUXpressoIDE_24.12.148/ide/plugins/com.nxp.mcuxpresso.tools.win32_24.12.0.202407110909/tools/bin/../lib/gcc/arm-none-eabi/13.2.1/thumb/v8-m.main+fp/hard\libcr_eabihelpers.a(memcpy.o)
                0x08008630                __aeabi_lowlevel_memset
 .text.__sys_close
                0x08008662        0x6 C:/nxp/MCUXpressoIDE_24.12.148/ide/plugins/com.nxp.mcuxpresso.tools.win32_24.12.0.202407110909/tools/bin/../lib/gcc/arm-none-eabi/13.2.1/../../../../arm-none-eabi/lib/thumb/v8-m.main+fp/hard\libcr_nohost_nf.a(__sys_close.o)
                0x08008662                __sys_close
 .text.__sys_flen
                0x08008668        0x6 C:/nxp/MCUXpressoIDE_24.12.148/ide/plugins/com.nxp.mcuxpresso.tools.win32_24.12.0.202407110909/tools/bin/../lib/gcc/arm-none-eabi/13.2.1/../../../../arm-none-eabi/lib/thumb/v8-m.main+fp/hard\libcr_nohost_nf.a(__sys_flen.o)
                0x08008668                __sys_flen
 .text.__sys_istty
                0x0800866e        0x6 C:/nxp/MCUXpressoIDE_24.12.148/ide/plugins/com.nxp.mcuxpresso.tools.win32_24.12.0.202407110909/tools/bin/../lib/gcc/arm-none-eabi/13.2.1/../../../../arm-none-eabi/lib/thumb/v8-m.main+fp/hard\libcr_nohost_nf.a(__sys_istty.o)
                0x0800866e                __sys_istty
 .text.__sys_remove
                0x08008674        0x6 C:/nxp/MCUXpressoIDE_24.12.148/ide/plugins/com.nxp.mcuxpresso.tools.win32_24.12.0.202407110909/tools/bin/../lib/gcc/arm-none-eabi/13.2.1/../../../../arm-none-eabi/lib/thumb/v8-m.main+fp/hard\libcr_nohost_nf.a(__sys_remove.o)
                0x08008674                __sys_remove
 .text.__sys_seek
                0x0800867a        0x6 C:/nxp/MCUXpressoIDE_24.12.148/ide/plugins/com.nxp.mcuxpresso.tools.win32_24.12.0.202407110909/tools/bin/../lib/gcc/arm-none-eabi/13.2.1/../../../../arm-none-eabi/lib/thumb/v8-m.main+fp/hard\libcr_nohost_nf.a(__sys_seek.o)
                0x0800867a                __sys_seek
 .text.__sys_tmpnam
                0x08008680        0x6 C:/nxp/MCUXpressoIDE_24.12.148/ide/plugins/com.nxp.mcuxpresso.tools.win32_24.12.0.202407110909/tools/bin/../lib/gcc/arm-none-eabi/13.2.1/../../../../arm-none-eabi/lib/thumb/v8-m.main+fp/hard\libcr_nohost_nf.a(__sys_tmpnam.o)
                0x08008680                __sys_tmpnam
 .text.__sys_write
                0x08008686        0x4 C:/nxp/MCUXpressoIDE_24.12.148/ide/plugins/com.nxp.mcuxpresso.tools.win32_24.12.0.202407110909/tools/bin/../lib/gcc/arm-none-eabi/13.2.1/../../../../arm-none-eabi/lib/thumb/v8-m.main+fp/hard\libcr_nohost_nf.a(__sys_write.o)
                0x08008686                __sys_write
 *fill*         0x0800868a        0x6 ff
 .text.__sys_write.__stub
                0x08008690       0x20 linker stubs
 *freertos*/tasks.o(SORT_BY_ALIGNMENT(.rodata*))
 *fill*         0x080086b0        0x0 ff
 .rodata.uxTopUsedPriority
                0x080086b0        0x4 ./freertos/freertos-kernel/tasks.o
 .rodata.prvCreateIdleTasks.str1.4
                0x080086b4        0x5 ./freertos/freertos-kernel/tasks.o
 *(SORT_BY_ALIGNMENT(.rodata) SORT_BY_ALIGNMENT(.rodata.*) SORT_BY_ALIGNMENT(.constdata) SORT_BY_ALIGNMENT(.constdata.*))
 .rodata.__assertion_failed.str1.4
                0x080086b4      0xabe ./utilities/fsl_assert.o
                                 0x14 (size before relaxing)
 .rodata.main.str1.4
                0x08009172       0x39 ./source/freertos_queue.o
 .rodata.write_task_1.str1.4
                0x08009172       0x11 ./source/freertos_queue.o
 .rodata.write_task_2.str1.4
                0x08009172       0x10 ./source/freertos_queue.o
 .rodata.log_init.str1.4
                0x08009172       0x11 ./source/freertos_queue.o
 .rodata.log_task.str1.4
                0x08009172       0x29 ./source/freertos_queue.o
 .rodata.xTimerCreateTimerTask.str1.4
                0x08009172        0x8 ./freertos/freertos-kernel/timers.o
 .rodata.prvCheckForValidListAndQueue.str1.4
                0x08009172        0x5 ./freertos/freertos-kernel/timers.o
 *fill*         0x08009172        0x2 ff
 .rodata.s_avpllFreq
                0x08009174       0x2c ./drivers/fsl_clock.o
 .rodata.s_avpllFreqOff
                0x080091a0       0x2c ./drivers/fsl_clock.o
 .rodata.s_avpllPostDiv
                0x080091cc       0x2c ./drivers/fsl_clock.o
 .rodata.s_avpllPostDiv0p5
                0x080091f8       0x2c ./drivers/fsl_clock.o
 .rodata.CLOCK_GetT3PllMciIrcClkFreq.str1.4
                0x08009224       0x18 ./drivers/fsl_clock.o
 .rodata.CLOCK_GetTcpuFvcoFreq.str1.4
                0x08009224       0x18 ./drivers/fsl_clock.o
 .rodata.CLOCK_EnableClock.str1.4
                0x08009224       0x18 ./drivers/fsl_clock.o
 .rodata.CLOCK_DisableClock.str1.4
                0x08009224       0x18 ./drivers/fsl_clock.o
 .rodata.CLOCK_GetFRGClock.str1.4
                0x08009224       0x18 ./drivers/fsl_clock.o
 .rodata.CLOCK_SetFRGClock.str1.4
                0x08009224       0x60 ./drivers/fsl_clock.o
 .rodata.CLOCK_GetFlexCommClkFreq.str1.4
                0x08009224       0x18 ./drivers/fsl_clock.o
 .rodata.CLOCK_CfgTcpuRefClk.str1.4
                0x08009224       0x19 ./drivers/fsl_clock.o
 .rodata.CLOCK_InitAvPll.str1.4
                0x08009224       0x18 ./drivers/fsl_clock.o
 .rodata.SDK_DelayAtLeastUs.str1.4
                0x08009224       0x2b ./drivers/fsl_common_arm.o
 .rodata.s_flexcommBaseAddrs
                0x08009224       0x14 ./drivers/fsl_flexcomm.o
 .rodata.s_flexcommClocks
                0x08009238       0x14 ./drivers/fsl_flexcomm.o
 .rodata.s_flexcommResets
                0x0800924c        0xa ./drivers/fsl_flexcomm.o
 .rodata.FLEXCOMM_GetInstance.str1.4
                0x08009256       0x41 ./drivers/fsl_flexcomm.o
 .rodata.FLEXCOMM0_DriverIRQHandler.str1.4
                0x08009256       0x3c ./drivers/fsl_flexcomm.o
 .rodata.FLEXCOMM1_DriverIRQHandler.str1.4
                0x08009256       0x3c ./drivers/fsl_flexcomm.o
 .rodata.FLEXCOMM2_DriverIRQHandler.str1.4
                0x08009256       0x3c ./drivers/fsl_flexcomm.o
 .rodata.FLEXCOMM3_DriverIRQHandler.str1.4
                0x08009256       0x3c ./drivers/fsl_flexcomm.o
 .rodata.FLEXCOMM14_DriverIRQHandler.str1.4
                0x08009256       0x3c ./drivers/fsl_flexcomm.o
 .rodata.OCOTP_ReadSVC.str1.4
                0x08009256       0x1e ./drivers/fsl_ocotp.o
 .rodata.OCOTP_ReadPackage.str1.4
                0x08009256       0x1f ./drivers/fsl_ocotp.o
 .rodata.str1.4
                0x08009256      0x127 ./drivers/fsl_power.o
 *fill*         0x08009256        0x2 ff
 .rodata.s_droTable
                0x08009258       0x13 ./drivers/fsl_power.o
 .rodata.POWER_GetThresholdParams.str1.4
                0x0800926b       0x60 ./drivers/fsl_power.o
 .rodata.POWER_SaveNvicState.str1.4
                0x0800926b       0x76 ./drivers/fsl_power.o
 .rodata.POWER_EnableWakeup.str1.4
                0x0800926b       0x24 ./drivers/fsl_power.o
 .rodata.Power_InitLoadGdetCfg.str1.4
                0x0800926b       0x62 ./drivers/fsl_power.o
 .rodata.POWER_InitVoltage.str1.4
                0x0800926b       0x46 ./drivers/fsl_power.o
 .rodata.POWER_TrimSvc.str1.4
                0x0800926b       0x1e ./drivers/fsl_power.o
 .rodata.RESET_SetPeripheralReset.str1.4
                0x0800926b       0x1e ./drivers/fsl_reset.o
 .rodata.RESET_ClearPeripheralReset.str1.4
                0x0800926b       0x1f ./drivers/fsl_reset.o
 .rodata.USART_Init.str1.4
                0x0800926b       0x4f ./drivers/fsl_usart.o
 .rodata.USART_GetDefaultConfig.str1.4
                0x0800926b       0x21 ./drivers/fsl_usart.o
 .rodata.USART_SetBaudRate.str1.4
                0x0800926b       0x53 ./drivers/fsl_usart.o
 .rodata.USART_WriteBlocking.str1.4
                0x0800926b       0x36 ./drivers/fsl_usart.o
 .rodata.USART_ReadBlocking.str1.4
                0x0800926b       0x36 ./drivers/fsl_usart.o
 *fill*         0x0800926b        0x1 ff
 .rodata.s_UsartAdapterBase
                0x0800926c       0x14 ./component/uart/fsl_adapter_usart.o
 .rodata.HAL_UartInitCommon.str1.4
                0x08009280       0xeb ./component/uart/fsl_adapter_usart.o
 .rodata.HAL_UartReceiveBlocking.str1.4
                0x08009280       0x65 ./component/uart/fsl_adapter_usart.o
 .rodata.HAL_UartSendBlocking.str1.4
                0x08009280       0x65 ./component/uart/fsl_adapter_usart.o
 .rodata        0x08009280       0x24 ./board/board.o
 .rodata.ConfigSvcSensor.str1.4
                0x080092a4       0x28 ./board/board.o
 .rodata.avpllConfig_BOARD_BootClockRUN
                0x080092a4        0x3 ./board/clock_config.o
                0x080092a4                avpllConfig_BOARD_BootClockRUN
 .rodata.IO_MUX_SetPinMux.str1.4
                0x080092a7       0xa6 ./board/pin_mux.o
 *fill*         0x080092a7        0x1 ff
 .rodata.__num_Ciob_streams
                0x080092a8        0x4 C:/nxp/MCUXpressoIDE_24.12.148/ide/plugins/com.nxp.mcuxpresso.tools.win32_24.12.0.202407110909/tools/bin/../lib/gcc/arm-none-eabi/13.2.1/../../../../arm-none-eabi/lib/thumb/v8-m.main+fp/hard\libcr_nohost_nf.a(__ciob.o)
                0x080092a8                __num_Ciob_streams
 .rodata._initio.str1.1
                0x080092ac        0x4 C:/nxp/MCUXpressoIDE_24.12.148/ide/plugins/com.nxp.mcuxpresso.tools.win32_24.12.0.202407110909/tools/bin/../lib/gcc/arm-none-eabi/13.2.1/../../../../arm-none-eabi/lib/thumb/v8-m.main+fp/hard\libcr_c.a(initio.o)
                0x080092b0                        . = ALIGN (0x4)

.glue_7         0x080092b0        0x0
 .glue_7        0x080092b0        0x0 linker stubs

.glue_7t        0x080092b0        0x0
 .glue_7t       0x080092b0        0x0 linker stubs

.vfp11_veneer   0x080092b0        0x0
 .vfp11_veneer  0x080092b0        0x0 linker stubs

.v4_bx          0x080092b0        0x0
 .v4_bx         0x080092b0        0x0 linker stubs

.iplt           0x080092b0        0x0
 .iplt          0x080092b0        0x0 ./utilities/debug_console_lite/fsl_debug_console.o

.rel.dyn        0x080092b0        0x0
 .rel.iplt      0x080092b0        0x0 ./utilities/debug_console_lite/fsl_debug_console.o

.ARM.extab
 *(SORT_BY_ALIGNMENT(.ARM.extab*) SORT_BY_ALIGNMENT(.gnu.linkonce.armextab.*))

.ARM.exidx      0x080092b0        0x0
                0x080092b0                        __exidx_start = .
 *(SORT_BY_ALIGNMENT(.ARM.exidx*) SORT_BY_ALIGNMENT(.gnu.linkonce.armexidx.*))
                0x080092b0                        __exidx_end = .
                0x080092b0                        _etext = .

.uninit_RESERVED
                0x20000000        0x0
                0x20000000                        _start_uninit_RESERVED = .
 *(SORT_BY_ALIGNMENT(.bss.$RESERVED*))
                0x20000000                        . = ALIGN (0x4)
                0x20000000                        _end_uninit_RESERVED = .

.data           0x20000000      0xbc0 load address 0x080092b0
 FILL mask 0xff
                0x20000000                        _data = .
                [!provide]                        PROVIDE (__start_data_RAM = .)
                [!provide]                        PROVIDE (__start_data_SRAM = .)
 *(SORT_BY_ALIGNMENT(vtable))
 *(SORT_BY_ALIGNMENT(.ramfunc*))
 *(SORT_BY_ALIGNMENT(CodeQuickAccess))
 CodeQuickAccess
                0x20000000      0x9e0 ./drivers/fsl_power.o
                0x20000000                POWER_SetSleepMode
                0x20000060                POWER_EnterPowerMode
                0x200000cc                POWER_DisableGDetVSensors
                0x20000230                POWER_EnableGDetVSensors
 CodeQuickAccess
                0x200009e0      0x1a0 ./board/board.o
                0x200009e0                BOARD_SetFlexspiClock
                0x20000a68                BOARD_DeinitFlash
                0x20000ac0                BOARD_InitFlash
 CodeQuickAccess.__stub
                0x20000b80       0x38 linker stubs
 *(SORT_BY_ALIGNMENT(DataQuickAccess))
 *(SORT_BY_ALIGNMENT(RamFunction))
 *(SORT_BY_ALIGNMENT(.data*))
 .data.ulCriticalNesting
                0x20000bb8        0x4 ./freertos/freertos-kernel/portable/GCC/ARM_CM33_NTZ/non_secure/port.o
 .data.SystemCoreClock
                0x20000bbc        0x4 ./device/system_RW612.o
                0x20000bbc                SystemCoreClock
                0x20000bc0                        . = ALIGN (0x4)
                0x20000bc0                        _edata = .
                [!provide]                        PROVIDE (__end_data_RAM = .)
                [!provide]                        PROVIDE (__end_data_SRAM = .)

.igot.plt       0x20000bc0        0x0 load address 0x08009e70
 .igot.plt      0x20000bc0        0x0 ./utilities/debug_console_lite/fsl_debug_console.o

.bss            0x20000bc0     0x2c04
                0x20000bc0                        _bss = .
                [!provide]                        PROVIDE (__start_bss_RAM = .)
                [!provide]                        PROVIDE (__start_bss_SRAM = .)
 *(SORT_BY_ALIGNMENT(.bss*))
 .bss.s_debugConsole
                0x20000bc0       0x14 ./utilities/debug_console_lite/fsl_debug_console.o
 .bss.log_queue
                0x20000bd4        0x4 ./source/freertos_queue.o
 .bss.ucHeap    0x20000bd8     0x2800 ./freertos/freertos-kernel/portable/MemMang/heap_4.o
 .bss.xStart    0x200033d8        0x8 ./freertos/freertos-kernel/portable/MemMang/heap_4.o
 .bss.pxEnd     0x200033e0        0x4 ./freertos/freertos-kernel/portable/MemMang/heap_4.o
 .bss.xFreeBytesRemaining
                0x200033e4        0x4 ./freertos/freertos-kernel/portable/MemMang/heap_4.o
 .bss.xMinimumEverFreeBytesRemaining
                0x200033e8        0x4 ./freertos/freertos-kernel/portable/MemMang/heap_4.o
 .bss.xNumberOfSuccessfulAllocations
                0x200033ec        0x4 ./freertos/freertos-kernel/portable/MemMang/heap_4.o
 .bss.xNumberOfSuccessfulFrees
                0x200033f0        0x4 ./freertos/freertos-kernel/portable/MemMang/heap_4.o
 .bss.ulMaxPRIGROUPValue
                0x200033f4        0x4 ./freertos/freertos-kernel/portable/GCC/ARM_CM33_NTZ/non_secure/port.o
 .bss.xQueueRegistry
                0x200033f8       0x40 ./freertos/freertos-kernel/queue.o
                0x200033f8                xQueueRegistry
 .bss.pxCurrentTCB
                0x20003438        0x4 ./freertos/freertos-kernel/tasks.o
                0x20003438                pxCurrentTCB
 .bss.pxReadyTasksLists
                0x2000343c       0x64 ./freertos/freertos-kernel/tasks.o
 .bss.xDelayedTaskList1
                0x200034a0       0x14 ./freertos/freertos-kernel/tasks.o
 .bss.xDelayedTaskList2
                0x200034b4       0x14 ./freertos/freertos-kernel/tasks.o
 .bss.pxDelayedTaskList
                0x200034c8        0x4 ./freertos/freertos-kernel/tasks.o
 .bss.pxOverflowDelayedTaskList
                0x200034cc        0x4 ./freertos/freertos-kernel/tasks.o
 .bss.xPendingReadyList
                0x200034d0       0x14 ./freertos/freertos-kernel/tasks.o
 .bss.xTasksWaitingTermination
                0x200034e4       0x14 ./freertos/freertos-kernel/tasks.o
 .bss.uxDeletedTasksWaitingCleanUp
                0x200034f8        0x4 ./freertos/freertos-kernel/tasks.o
 .bss.xSuspendedTaskList
                0x200034fc       0x14 ./freertos/freertos-kernel/tasks.o
 .bss.uxCurrentNumberOfTasks
                0x20003510        0x4 ./freertos/freertos-kernel/tasks.o
 .bss.xTickCount
                0x20003514        0x4 ./freertos/freertos-kernel/tasks.o
 .bss.uxTopReadyPriority
                0x20003518        0x4 ./freertos/freertos-kernel/tasks.o
 .bss.xSchedulerRunning
                0x2000351c        0x4 ./freertos/freertos-kernel/tasks.o
 .bss.xPendedTicks
                0x20003520        0x4 ./freertos/freertos-kernel/tasks.o
 .bss.xYieldPendings
                0x20003524        0x4 ./freertos/freertos-kernel/tasks.o
 .bss.xNumOfOverflows
                0x20003528        0x4 ./freertos/freertos-kernel/tasks.o
 .bss.uxTaskNumber
                0x2000352c        0x4 ./freertos/freertos-kernel/tasks.o
 .bss.xNextTaskUnblockTime
                0x20003530        0x4 ./freertos/freertos-kernel/tasks.o
 .bss.xIdleTaskHandles
                0x20003534        0x4 ./freertos/freertos-kernel/tasks.o
 .bss.uxSchedulerSuspended
                0x20003538        0x4 ./freertos/freertos-kernel/tasks.o
 .bss.xActiveTimerList1
                0x2000353c       0x14 ./freertos/freertos-kernel/timers.o
 .bss.xActiveTimerList2
                0x20003550       0x14 ./freertos/freertos-kernel/timers.o
 .bss.pxCurrentTimerList
                0x20003564        0x4 ./freertos/freertos-kernel/timers.o
 .bss.pxOverflowTimerList
                0x20003568        0x4 ./freertos/freertos-kernel/timers.o
 .bss.xTimerQueue
                0x2000356c        0x4 ./freertos/freertos-kernel/timers.o
 .bss.xTimerTaskHandle
                0x20003570        0x4 ./freertos/freertos-kernel/timers.o
 .bss.xLastTime.0
                0x20003574        0x4 ./freertos/freertos-kernel/timers.o
 .bss.g_clkinFreq
                0x20003578        0x4 ./drivers/fsl_clock.o
                0x20003578                g_clkinFreq
 .bss.g_mclkinFreq
                0x2000357c        0x4 ./drivers/fsl_clock.o
                0x2000357c                g_mclkinFreq
 .bss.s_flexcommIrqHandler
                0x20003580       0x14 ./drivers/fsl_flexcomm.o
 .bss.s_flexcommHandle
                0x20003594       0x14 ./drivers/fsl_flexcomm.o
 .bss.s_flexspiHandle
                0x200035a8        0x4 ./drivers/fsl_flexspi.o
 .bss.s_flexspiIsr
                0x200035ac        0x4 ./drivers/fsl_flexspi.o
 .bss.s_nvicContext
                0x200035b0       0xec ./drivers/fsl_power.o
 .bss.s_systickContext
                0x2000369c        0x8 ./drivers/fsl_power.o
 .bss.s_clockContext
                0x200036a4        0x4 ./drivers/fsl_power.o
 .bss.s_gdetSensorContext
                0x200036a8       0x28 ./drivers/fsl_power.o
 .bss.s_captPulseCb
                0x200036d0        0x4 ./drivers/fsl_power.o
 .bss.s_captPulseCbParam
                0x200036d4        0x4 ./drivers/fsl_power.o
 .bss.s_preSwitch
                0x200036d8        0x4 ./drivers/fsl_power.o
 .bss.s_preSwitchParam
                0x200036dc        0x4 ./drivers/fsl_power.o
 .bss.s_postSwitch
                0x200036e0        0x4 ./drivers/fsl_power.o
 .bss.s_postSwitchParam
                0x200036e4        0x4 ./drivers/fsl_power.o
 .bss.s_gdetCfgloadFunc
                0x200036e8        0x4 ./drivers/fsl_power.o
 .bss.s_gdetCfgData
                0x200036ec       0x1c ./drivers/fsl_power.o
 .bss.errno     0x20003708        0x4 C:/nxp/MCUXpressoIDE_24.12.148/ide/plugins/com.nxp.mcuxpresso.tools.win32_24.12.0.202407110909/tools/bin/../lib/gcc/arm-none-eabi/13.2.1/../../../../arm-none-eabi/lib/thumb/v8-m.main+fp/hard\libcr_c.a(errno.o)
                0x20003708                errno
 .bss.__Ciob    0x2000370c       0xb4 C:/nxp/MCUXpressoIDE_24.12.148/ide/plugins/com.nxp.mcuxpresso.tools.win32_24.12.0.202407110909/tools/bin/../lib/gcc/arm-none-eabi/13.2.1/../../../../arm-none-eabi/lib/thumb/v8-m.main+fp/hard\libcr_nohost_nf.a(__ciob.o)
                0x2000370c                __Ciob
 .bss.ucMaxSysCallPriority
                0x200037c0        0x1 ./freertos/freertos-kernel/portable/GCC/ARM_CM33_NTZ/non_secure/port.o
 *(SORT_BY_ALIGNMENT(COMMON))
                0x200037c4                        . = ALIGN (0x4)
 *fill*         0x200037c1        0x3 
                0x200037c4                        _ebss = .
                [!provide]                        PROVIDE (__end_bss_RAM = .)
                [!provide]                        PROVIDE (__end_bss_SRAM = .)
                [!provide]                        PROVIDE (end = .)

.noinit         0x200037c4        0x0
                0x200037c4                        _noinit = .
                [!provide]                        PROVIDE (__start_noinit_RAM = .)
                [!provide]                        PROVIDE (__start_noinit_SRAM = .)
 *(SORT_BY_ALIGNMENT(.noinit*))
                0x200037c4                        . = ALIGN (0x4)
                0x200037c4                        _end_noinit = .
                [!provide]                        PROVIDE (__end_noinit_RAM = .)
                [!provide]                        PROVIDE (__end_noinit_SRAM = .)
                0x00001000                        _HeapSize = 0x1000

.heap           0x200037c4     0x1000
                0x200037c4                        _pvHeapStart = .
                0x200047c4                        . = (. + _HeapSize)
 *fill*         0x200037c4     0x1000 
                0x200047c4                        . = ALIGN (0x4)
                0x200047c4                        _pvHeapLimit = .
                0x00001000                        _StackSize = 0x1000

.heap2stackfill
                0x200047c4     0x1000
                0x200057c4                        . = (. + _StackSize)
 *fill*         0x200047c4     0x1000 

.stack          0x2012f000        0x0
                0x2012f000                        _vStackBase = .
                0x2012f000                        . = ALIGN (0x4)
                0x20130000                        _vStackTop = (. + _StackSize)
                0x08001000                        _image_start = LOADADDR (.text)
                0x08009e70                        _image_end = (LOADADDR (.data) + SIZEOF (.data))
                0x00008e70                        _image_size = (_image_end - _image_start)
OUTPUT(IyP_Examen 2_freertos_queue.axf elf32-littlearm)
LOAD linker stubs

.debug_info     0x00000000    0x228c9
 .debug_info    0x00000000      0xcfb ./utilities/debug_console_lite/fsl_debug_console.o
 .debug_info    0x00000cfb      0x12e ./utilities/fsl_assert.o
 .debug_info    0x00000e29       0x24 ./utilities/fsl_memcpy.o
 .debug_info    0x00000e4d     0x11bf ./startup/startup_rw612.o
 .debug_info    0x0000200c      0x68c ./source/freertos_queue.o
 .debug_info    0x00002698       0x3c ./source/semihost_hardfault.o
 .debug_info    0x000026d4      0x4e7 ./freertos/freertos-kernel/portable/MemMang/heap_4.o
 .debug_info    0x00002bbb      0x3f2 ./freertos/freertos-kernel/portable/GCC/ARM_CM33_NTZ/non_secure/port.o
 .debug_info    0x00002fad      0x14e ./freertos/freertos-kernel/portable/GCC/ARM_CM33_NTZ/non_secure/portasm.o
 .debug_info    0x000030fb      0x2b9 ./freertos/freertos-kernel/list.o
 .debug_info    0x000033b4     0x1443 ./freertos/freertos-kernel/queue.o
 .debug_info    0x000047f7     0x2540 ./freertos/freertos-kernel/tasks.o
 .debug_info    0x00006d37      0xf5d ./freertos/freertos-kernel/timers.o
 .debug_info    0x00007c94      0x815 ./flash_config/flash_config.o
 .debug_info    0x000084a9     0x3524 ./drivers/fsl_clock.o
 .debug_info    0x0000b9cd      0x38b ./drivers/fsl_common_arm.o
 .debug_info    0x0000bd58      0xeee ./drivers/fsl_flexcomm.o
 .debug_info    0x0000cc46     0x2650 ./drivers/fsl_flexspi.o
 .debug_info    0x0000f296      0xe12 ./drivers/fsl_ocotp.o
 .debug_info    0x000100a8     0x4bec ./drivers/fsl_power.o
 .debug_info    0x00014c94      0x48e ./drivers/fsl_reset.o
 .debug_info    0x00015122     0x1c6f ./drivers/fsl_usart.o
 .debug_info    0x00016d91     0x1569 ./device/system_RW612.o
 .debug_info    0x000182fa      0xd97 ./component/uart/fsl_adapter_usart.o
 .debug_info    0x00019091      0xf1e ./component/els_pkc/src/comps/mcuxClEls/src/mcuxClEls_Common.o
 .debug_info    0x00019faf      0x68f ./component/els_pkc/src/comps/mcuxClEls/src/mcuxClEls_GlitchDetector.o
 .debug_info    0x0001a63e     0x37c4 ./board/board.o
 .debug_info    0x0001de02     0x175e ./board/clock_config.o
 .debug_info    0x0001f560       0xa1 ./board/hardware_init.o
 .debug_info    0x0001f601      0x97c ./board/pin_mux.o
 .debug_info    0x0001ff7d       0x85 C:/nxp/MCUXpressoIDE_24.12.148/ide/plugins/com.nxp.mcuxpresso.tools.win32_24.12.0.202407110909/tools/bin/../lib/gcc/arm-none-eabi/13.2.1/../../../../arm-none-eabi/lib/thumb/v8-m.main+fp/hard\libcr_nohost_nf.a(_cr__main.o)
 .debug_info    0x00020002       0xfc C:/nxp/MCUXpressoIDE_24.12.148/ide/plugins/com.nxp.mcuxpresso.tools.win32_24.12.0.202407110909/tools/bin/../lib/gcc/arm-none-eabi/13.2.1/../../../../arm-none-eabi/lib/thumb/v8-m.main+fp/hard\libcr_c.a(memset.o)
 .debug_info    0x000200fe      0x520 C:/nxp/MCUXpressoIDE_24.12.148/ide/plugins/com.nxp.mcuxpresso.tools.win32_24.12.0.202407110909/tools/bin/../lib/gcc/arm-none-eabi/13.2.1/../../../../arm-none-eabi/lib/thumb/v8-m.main+fp/hard\libcr_c.a(alloc.o)
 .debug_info    0x0002061e       0x44 C:/nxp/MCUXpressoIDE_24.12.148/ide/plugins/com.nxp.mcuxpresso.tools.win32_24.12.0.202407110909/tools/bin/../lib/gcc/arm-none-eabi/13.2.1/../../../../arm-none-eabi/lib/thumb/v8-m.main+fp/hard\libcr_c.a(errno.o)
 .debug_info    0x00020662      0x339 C:/nxp/MCUXpressoIDE_24.12.148/ide/plugins/com.nxp.mcuxpresso.tools.win32_24.12.0.202407110909/tools/bin/../lib/gcc/arm-none-eabi/13.2.1/../../../../arm-none-eabi/lib/thumb/v8-m.main+fp/hard\libcr_c.a(initio.o)
 .debug_info    0x0002099b      0x1fd C:/nxp/MCUXpressoIDE_24.12.148/ide/plugins/com.nxp.mcuxpresso.tools.win32_24.12.0.202407110909/tools/bin/../lib/gcc/arm-none-eabi/13.2.1/../../../../arm-none-eabi/lib/thumb/v8-m.main+fp/hard\libcr_c.a(setvbuf.o)
 .debug_info    0x00020b98       0xe1 C:/nxp/MCUXpressoIDE_24.12.148/ide/plugins/com.nxp.mcuxpresso.tools.win32_24.12.0.202407110909/tools/bin/../lib/gcc/arm-none-eabi/13.2.1/../../../../arm-none-eabi/lib/thumb/v8-m.main+fp/hard\libcr_c.a(strlen.o)
 .debug_info    0x00020c79      0x369 C:/nxp/MCUXpressoIDE_24.12.148/ide/plugins/com.nxp.mcuxpresso.tools.win32_24.12.0.202407110909/tools/bin/../lib/gcc/arm-none-eabi/13.2.1/../../../../arm-none-eabi/lib/thumb/v8-m.main+fp/hard\libcr_c.a(_deferredlazyseek.o)
 .debug_info    0x00020fe2      0x24b C:/nxp/MCUXpressoIDE_24.12.148/ide/plugins/com.nxp.mcuxpresso.tools.win32_24.12.0.202407110909/tools/bin/../lib/gcc/arm-none-eabi/13.2.1/../../../../arm-none-eabi/lib/thumb/v8-m.main+fp/hard\libcr_c.a(_fdopen.o)
 .debug_info    0x0002122d      0x1e3 C:/nxp/MCUXpressoIDE_24.12.148/ide/plugins/com.nxp.mcuxpresso.tools.win32_24.12.0.202407110909/tools/bin/../lib/gcc/arm-none-eabi/13.2.1/../../../../arm-none-eabi/lib/thumb/v8-m.main+fp/hard\libcr_c.a(_fflush.o)
 .debug_info    0x00021410      0x289 C:/nxp/MCUXpressoIDE_24.12.148/ide/plugins/com.nxp.mcuxpresso.tools.win32_24.12.0.202407110909/tools/bin/../lib/gcc/arm-none-eabi/13.2.1/../../../../arm-none-eabi/lib/thumb/v8-m.main+fp/hard\libcr_c.a(_writebuf.o)
 .debug_info    0x00021699      0x318 C:/nxp/MCUXpressoIDE_24.12.148/ide/plugins/com.nxp.mcuxpresso.tools.win32_24.12.0.202407110909/tools/bin/../lib/gcc/arm-none-eabi/13.2.1/../../../../arm-none-eabi/lib/thumb/v8-m.main+fp/hard\libcr_c.a(fclose.o)